Archive member included to satisfy reference by file (symbol)

/usr/lib/gcc/arm-none-eabi/12.2.0/thumb/v6-m/nofp/libgcc.a(_dvmd_tls.o)
                              CMakeFiles/sample_project.dir/usr/share/pico-sdk/src/rp2_common/pico_divider/divider.S.obj (__aeabi_idiv0)
/usr/lib/gcc/arm-none-eabi/12.2.0/../../../../arm-none-eabi/lib/thumb/v6-m/nofp/libg.a(libc_a-atexit.o)
                              /usr/lib/gcc/arm-none-eabi/12.2.0/../../../../arm-none-eabi/lib/thumb/v6-m/nofp/crt0.o (atexit)
/usr/lib/gcc/arm-none-eabi/12.2.0/../../../../arm-none-eabi/lib/thumb/v6-m/nofp/libg.a(libc_a-calloc.o)
                              CMakeFiles/sample_project.dir/usr/share/pico-sdk/src/rp2_common/pico_malloc/pico_malloc.c.obj (calloc)
/usr/lib/gcc/arm-none-eabi/12.2.0/../../../../arm-none-eabi/lib/thumb/v6-m/nofp/libg.a(libc_a-callocr.o)
                              /usr/lib/gcc/arm-none-eabi/12.2.0/../../../../arm-none-eabi/lib/thumb/v6-m/nofp/libg.a(libc_a-calloc.o) (_calloc_r)
/usr/lib/gcc/arm-none-eabi/12.2.0/../../../../arm-none-eabi/lib/thumb/v6-m/nofp/libg.a(libc_a-malloc.o)
                              CMakeFiles/sample_project.dir/usr/share/pico-sdk/src/rp2_common/pico_malloc/pico_malloc.c.obj (malloc)
/usr/lib/gcc/arm-none-eabi/12.2.0/../../../../arm-none-eabi/lib/thumb/v6-m/nofp/libg.a(libc_a-mallocr.o)
                              /usr/lib/gcc/arm-none-eabi/12.2.0/../../../../arm-none-eabi/lib/thumb/v6-m/nofp/libg.a(libc_a-callocr.o) (_malloc_r)
/usr/lib/gcc/arm-none-eabi/12.2.0/../../../../arm-none-eabi/lib/thumb/v6-m/nofp/libg.a(libc_a-mlock.o)
                              /usr/lib/gcc/arm-none-eabi/12.2.0/../../../../arm-none-eabi/lib/thumb/v6-m/nofp/libg.a(libc_a-mallocr.o) (__malloc_lock)
/usr/lib/gcc/arm-none-eabi/12.2.0/../../../../arm-none-eabi/lib/thumb/v6-m/nofp/libg.a(libc_a-realloc.o)
                              CMakeFiles/sample_project.dir/usr/share/pico-sdk/src/rp2_common/pico_malloc/pico_malloc.c.obj (realloc)
/usr/lib/gcc/arm-none-eabi/12.2.0/../../../../arm-none-eabi/lib/thumb/v6-m/nofp/libg.a(libc_a-reallocr.o)
                              /usr/lib/gcc/arm-none-eabi/12.2.0/../../../../arm-none-eabi/lib/thumb/v6-m/nofp/libg.a(libc_a-realloc.o) (_realloc_r)
/usr/lib/gcc/arm-none-eabi/12.2.0/../../../../arm-none-eabi/lib/thumb/v6-m/nofp/libg.a(libc_a-memcmp.o)
                              CMakeFiles/sample_project.dir/usr/share/pico-sdk/lib/cyw43-driver/src/cyw43_ll.c.obj (memcmp)
/usr/lib/gcc/arm-none-eabi/12.2.0/../../../../arm-none-eabi/lib/thumb/v6-m/nofp/libg.a(libc_a-memmove.o)
                              CMakeFiles/sample_project.dir/usr/share/pico-sdk/lib/cyw43-driver/src/cyw43_ll.c.obj (memmove)
/usr/lib/gcc/arm-none-eabi/12.2.0/../../../../arm-none-eabi/lib/thumb/v6-m/nofp/libg.a(libc_a-strncmp.o)
                              CMakeFiles/sample_project.dir/usr/share/pico-sdk/lib/cyw43-driver/src/cyw43_ll.c.obj (strncmp)
/usr/lib/gcc/arm-none-eabi/12.2.0/../../../../arm-none-eabi/lib/thumb/v6-m/nofp/libg.a(libc_a-impure.o)
                              /usr/lib/gcc/arm-none-eabi/12.2.0/../../../../arm-none-eabi/lib/thumb/v6-m/nofp/libg.a(libc_a-calloc.o) (_impure_ptr)
/usr/lib/gcc/arm-none-eabi/12.2.0/../../../../arm-none-eabi/lib/thumb/v6-m/nofp/libg.a(libc_a-sbrkr.o)
                              /usr/lib/gcc/arm-none-eabi/12.2.0/../../../../arm-none-eabi/lib/thumb/v6-m/nofp/libg.a(libc_a-mallocr.o) (_sbrk_r)
/usr/lib/gcc/arm-none-eabi/12.2.0/../../../../arm-none-eabi/lib/thumb/v6-m/nofp/libg.a(libc_a-errno.o)
                              /usr/lib/gcc/arm-none-eabi/12.2.0/../../../../arm-none-eabi/lib/thumb/v6-m/nofp/libg.a(libc_a-callocr.o) (__errno)
/usr/lib/gcc/arm-none-eabi/12.2.0/../../../../arm-none-eabi/lib/thumb/v6-m/nofp/libg.a(libc_a-init.o)
                              /usr/lib/gcc/arm-none-eabi/12.2.0/../../../../arm-none-eabi/lib/thumb/v6-m/nofp/crt0.o (__libc_init_array)
/usr/lib/gcc/arm-none-eabi/12.2.0/../../../../arm-none-eabi/lib/thumb/v6-m/nofp/libg.a(libc_a-fini.o)
                              /usr/lib/gcc/arm-none-eabi/12.2.0/../../../../arm-none-eabi/lib/thumb/v6-m/nofp/crt0.o (__libc_fini_array)
/usr/lib/gcc/arm-none-eabi/12.2.0/../../../../arm-none-eabi/lib/thumb/v6-m/nofp/libg.a(libc_a-lock.o)
                              /usr/lib/gcc/arm-none-eabi/12.2.0/../../../../arm-none-eabi/lib/thumb/v6-m/nofp/libg.a(libc_a-mlock.o) (__retarget_lock_acquire_recursive)
/usr/lib/gcc/arm-none-eabi/12.2.0/../../../../arm-none-eabi/lib/thumb/v6-m/nofp/libg.a(libc_a-sysconf.o)
                              /usr/lib/gcc/arm-none-eabi/12.2.0/../../../../arm-none-eabi/lib/thumb/v6-m/nofp/libg.a(libc_a-mallocr.o) (sysconf)
/usr/lib/gcc/arm-none-eabi/12.2.0/../../../../arm-none-eabi/lib/thumb/v6-m/nofp/libg.a(libc_a-strlen-stub.o)
                              CMakeFiles/sample_project.dir/usr/share/pico-sdk/src/rp2_common/pico_stdio/stdio.c.obj (strlen)
[...]
Memory Configuration

Name             Origin             Length             Attributes
FLASH            0x0000000010000000 0x0000000000200000 xr
RAM              0x0000000020000000 0x0000000000040000 xrw
SCRATCH_X        0x0000000020040000 0x0000000000001000 xrw
SCRATCH_Y        0x0000000020041000 0x0000000000001000 xrw
*default*        0x0000000000000000 0xffffffffffffffff

Linker script and memory map

LOAD /usr/lib/gcc/arm-none-eabi/12.2.0/thumb/v6-m/nofp/crti.o
LOAD /usr/lib/gcc/arm-none-eabi/12.2.0/thumb/v6-m/nofp/crtbegin.o
LOAD /usr/lib/gcc/arm-none-eabi/12.2.0/../../../../arm-none-eabi/lib/thumb/v6-m/nofp/crt0.o

.flash_begin    0x0000000010000000        0x0
                0x0000000010000000                __flash_binary_start = .

.boot2          0x0000000010000000      0x100
                0x0000000010000000                __boot2_start__ = .
 *(.boot2)
 .boot2         0x0000000010000000      0x100 /tmp/ccHCXja1.o
                0x0000000010000100                __boot2_end__ = .
                0x0000000000000001                ASSERT (((__boot2_end__ - __boot2_start__) == 0x100), ERROR: Pico second stage bootloader must be 256 bytes in size)

.text           0x0000000010000100     0x6dd8
                0x0000000010000100                __logical_binary_start = .
 *(.vectors)
 .vectors       0x0000000010000100       0xd4 CMakeFiles/sample_project.dir/usr/share/pico-sdk/src/rp2_common/pico_standard_link/crt0.S.obj
                0x0000000010000100                __vectors
                0x0000000010000100                __VECTOR_TABLE
                0x00000000100001c0                isr_invalid
                0x00000000100001c0                __default_isrs_start
                0x00000000100001c2                isr_nmi
                0x00000000100001c4                isr_hardfault
                0x00000000100001c6                isr_svcall
                0x00000000100001c8                isr_pendsv
                0x00000000100001ca                isr_systick
                0x00000000100001cc                isr_irq30
                0x00000000100001cc                __unhandled_user_irq
                0x00000000100001cc                isr_irq13
                0x00000000100001cc                isr_irq27
                0x00000000100001cc                isr_irq31
                0x00000000100001cc                isr_irq5
                0x00000000100001cc                isr_irq11
                0x00000000100001cc                isr_irq23
                0x00000000100001cc                isr_irq18
                0x00000000100001cc                isr_irq28
                0x00000000100001cc                isr_irq19
                0x00000000100001cc                isr_irq0
                0x00000000100001cc                isr_irq6
                0x00000000100001cc                isr_irq22
                0x00000000100001cc                isr_irq17
                0x00000000100001cc                isr_irq14
                0x00000000100001cc                isr_irq2
                0x00000000100001cc                isr_irq10
                0x00000000100001cc                isr_irq8
                0x00000000100001cc                isr_irq24
                0x00000000100001cc                isr_irq1
                0x00000000100001cc                isr_irq7
                0x00000000100001cc                isr_irq21
                0x00000000100001cc                isr_irq20
                0x00000000100001cc                isr_irq15
                0x00000000100001cc                isr_irq25
                0x00000000100001cc                isr_irq4
                0x00000000100001cc                isr_irq16
                0x00000000100001cc                isr_irq29
                0x00000000100001cc                isr_irq26
                0x00000000100001cc                __default_isrs_end
                0x00000000100001cc                isr_irq3
                0x00000000100001cc                isr_irq12
                0x00000000100001cc                isr_irq9
                0x00000000100001d2                unhandled_user_irq_num_in_r0
 *(.binary_info_header)
 .binary_info_header
                0x00000000100001d4       0x14 CMakeFiles/sample_project.dir/usr/share/pico-sdk/src/rp2_common/pico_standard_link/crt0.S.obj
                0x00000000100001e8                __binary_info_header_end = .
 *(.reset)
 .reset         0x00000000100001e8       0xa0 CMakeFiles/sample_project.dir/usr/share/pico-sdk/src/rp2_common/pico_standard_link/crt0.S.obj
                0x00000000100001e8                _entry_point
 .reset         0x0000000010000288       0x30 CMakeFiles/sample_project.dir/usr/share/pico-sdk/src/rp2_common/pico_standard_link/binary_info.c.obj
 *(.init)
 .init          0x00000000100002b8        0x4 /usr/lib/gcc/arm-none-eabi/12.2.0/thumb/v6-m/nofp/crti.o
                0x00000000100002b8                _init
 *(EXCLUDE_FILE(*libm.a: *libc.a:*lib_a-mem*.o *libgcc.a:) .text*)
 .text.frame_dummy
                0x00000000100002bc       0x20 /usr/lib/gcc/arm-none-eabi/12.2.0/thumb/v6-m/nofp/crtbegin.o
 .text.core1_main
                0x00000000100002dc       0x2c CMakeFiles/sample_project.dir/sample_project.c.obj
                0x00000000100002dc                core1_main
 .text.adc_gpio_init
                0x0000000010000308       0x1e CMakeFiles/sample_project.dir/sample_project.c.obj
 *fill*         0x0000000010000326        0x2 
 .text.main     0x0000000010000328      0x1c8 CMakeFiles/sample_project.dir/sample_project.c.obj
                0x0000000010000328                main
 .text.gpio_set_function
                0x00000000100004f0       0x30 CMakeFiles/sample_project.dir/usr/share/pico-sdk/src/rp2_common/hardware_gpio/gpio.c.obj
                0x00000000100004f0                gpio_set_function
 .text.gpio_set_pulls
                0x0000000010000520       0x34 CMakeFiles/sample_project.dir/usr/share/pico-sdk/src/rp2_common/hardware_gpio/gpio.c.obj
                0x0000000010000520                gpio_set_pulls
 .text.gpio_set_input_enabled
                0x0000000010000554       0x30 CMakeFiles/sample_project.dir/usr/share/pico-sdk/src/rp2_common/hardware_gpio/gpio.c.obj
                0x0000000010000554                gpio_set_input_enabled
 .text.running_on_fpga
                0x0000000010000584       0x14 CMakeFiles/sample_project.dir/usr/share/pico-sdk/src/rp2_common/pico_platform/platform.c.obj
                0x0000000010000584                running_on_fpga
 .text.hw_claim_lock
                0x0000000010000598       0x18 CMakeFiles/sample_project.dir/usr/share/pico-sdk/src/rp2_common/hardware_claim/claim.c.obj
                0x0000000010000598                hw_claim_lock
 .text.hw_claim_unlock
                0x00000000100005b0       0x14 CMakeFiles/sample_project.dir/usr/share/pico-sdk/src/rp2_common/hardware_claim/claim.c.obj
                0x00000000100005b0                hw_claim_unlock
 .text.hw_claim_or_assert
                0x00000000100005c4       0x32 CMakeFiles/sample_project.dir/usr/share/pico-sdk/src/rp2_common/hardware_claim/claim.c.obj
                0x00000000100005c4                hw_claim_or_assert
 .text.hw_claim_unused_from_range
                0x00000000100005f6       0x50 CMakeFiles/sample_project.dir/usr/share/pico-sdk/src/rp2_common/hardware_claim/claim.c.obj
                0x00000000100005f6                hw_claim_unused_from_range
 *fill*         0x0000000010000646        0x2 
 .text.spin_locks_reset
                0x0000000010000648       0x20 CMakeFiles/sample_project.dir/usr/share/pico-sdk/src/rp2_common/hardware_sync/sync.c.obj
                0x0000000010000648                spin_locks_reset
 .text.next_striped_spin_lock_num
                0x0000000010000668       0x1c CMakeFiles/sample_project.dir/usr/share/pico-sdk/src/rp2_common/hardware_sync/sync.c.obj
                0x0000000010000668                next_striped_spin_lock_num
 .text.spin_lock_claim_unused
                0x0000000010000684       0x24 CMakeFiles/sample_project.dir/usr/share/pico-sdk/src/rp2_common/hardware_sync/sync.c.obj
                0x0000000010000684                spin_lock_claim_unused
 .text.set_raw_irq_handler_and_unlock
                0x00000000100006a8       0x28 CMakeFiles/sample_project.dir/usr/share/pico-sdk/src/rp2_common/hardware_irq/irq.c.obj
 .text.resolve_branch
                0x00000000100006d0       0x30 CMakeFiles/sample_project.dir/usr/share/pico-sdk/src/rp2_common/hardware_irq/irq.c.obj
 .text.make_branch
                0x0000000010000700       0x48 CMakeFiles/sample_project.dir/usr/share/pico-sdk/src/rp2_common/hardware_irq/irq.c.obj
 .text.insert_branch_and_link
                0x0000000010000748       0x40 CMakeFiles/sample_project.dir/usr/share/pico-sdk/src/rp2_common/hardware_irq/irq.c.obj
 .text.irq_is_enabled
                0x0000000010000788       0x18 CMakeFiles/sample_project.dir/usr/share/pico-sdk/src/rp2_common/hardware_irq/irq.c.obj
                0x0000000010000788                irq_is_enabled
 .text.irq_set_mask_enabled
                0x00000000100007a0       0x20 CMakeFiles/sample_project.dir/usr/share/pico-sdk/src/rp2_common/hardware_irq/irq.c.obj
                0x00000000100007a0                irq_set_mask_enabled
 .text.irq_set_enabled
                0x00000000100007c0        0xe CMakeFiles/sample_project.dir/usr/share/pico-sdk/src/rp2_common/hardware_irq/irq.c.obj
                0x00000000100007c0                irq_set_enabled
 *fill*         0x00000000100007ce        0x2 
 .text.irq_set_pending
                0x00000000100007d0       0x10 CMakeFiles/sample_project.dir/usr/share/pico-sdk/src/rp2_common/hardware_irq/irq.c.obj
                0x00000000100007d0                irq_set_pending
 .text.irq_get_vtable_handler
                0x00000000100007e0       0x10 CMakeFiles/sample_project.dir/usr/share/pico-sdk/src/rp2_common/hardware_irq/irq.c.obj
                0x00000000100007e0                irq_get_vtable_handler
 .text.irq_has_shared_handler
                0x00000000100007f0       0x24 CMakeFiles/sample_project.dir/usr/share/pico-sdk/src/rp2_common/hardware_irq/irq.c.obj
                0x00000000100007f0                irq_has_shared_handler
 .text.irq_set_exclusive_handler
                0x0000000010000814       0x54 CMakeFiles/sample_project.dir/usr/share/pico-sdk/src/rp2_common/hardware_irq/irq.c.obj
                0x0000000010000814                irq_set_exclusive_handler
 .text.irq_add_shared_handler
                0x0000000010000868      0x210 CMakeFiles/sample_project.dir/usr/share/pico-sdk/src/rp2_common/hardware_irq/irq.c.obj
                0x0000000010000868                irq_add_shared_handler
 .text.irq_remove_handler
                0x0000000010000a78      0x188 CMakeFiles/sample_project.dir/usr/share/pico-sdk/src/rp2_common/hardware_irq/irq.c.obj
                0x0000000010000a78                irq_remove_handler
 .text.irq_add_tail_to_free_list
                0x0000000010000c00       0xf0 CMakeFiles/sample_project.dir/usr/share/pico-sdk/src/rp2_common/hardware_irq/irq.c.obj
                0x0000000010000c00                irq_add_tail_to_free_list
 .text.irq_init_priorities
                0x0000000010000cf0       0x1c CMakeFiles/sample_project.dir/usr/share/pico-sdk/src/rp2_common/hardware_irq/irq.c.obj
                0x0000000010000cf0                irq_init_priorities
 .text.user_irq_claim_unused
                0x0000000010000d0c       0x2c CMakeFiles/sample_project.dir/usr/share/pico-sdk/src/rp2_common/hardware_irq/irq.c.obj
                0x0000000010000d0c                user_irq_claim_unused
 .text.lock_init
                0x0000000010000d38       0x10 CMakeFiles/sample_project.dir/usr/share/pico-sdk/src/common/pico_sync/lock_core.c.obj
                0x0000000010000d38                lock_init
 .text.update_us_since_boot
                0x0000000010000d48       0x24 CMakeFiles/sample_project.dir/usr/share/pico-sdk/src/common/pico_sync/mutex.c.obj
 .text.delayed_by_ms
                0x0000000010000d6c       0x44 CMakeFiles/sample_project.dir/usr/share/pico-sdk/src/common/pico_sync/mutex.c.obj
 .text.get_absolute_time
                0x0000000010000db0       0x22 CMakeFiles/sample_project.dir/usr/share/pico-sdk/src/common/pico_sync/mutex.c.obj
 .text.make_timeout_time_ms
                0x0000000010000dd2       0x20 CMakeFiles/sample_project.dir/usr/share/pico-sdk/src/common/pico_sync/mutex.c.obj
 .text.mutex_init
                0x0000000010000df2       0x1a CMakeFiles/sample_project.dir/usr/share/pico-sdk/src/common/pico_sync/mutex.c.obj
                0x0000000010000df2                mutex_init
 .text.recursive_mutex_init
                0x0000000010000e0c       0x1e CMakeFiles/sample_project.dir/usr/share/pico-sdk/src/common/pico_sync/mutex.c.obj
                0x0000000010000e0c                recursive_mutex_init
 *fill*         0x0000000010000e2a        0x2 
 .text.critical_section_init_with_lock_num
                0x0000000010000e2c       0x14 CMakeFiles/sample_project.dir/usr/share/pico-sdk/src/common/pico_sync/critical_section.c.obj
                0x0000000010000e2c                critical_section_init_with_lock_num
 .text.critical_section_init
                0x0000000010000e40       0x14 CMakeFiles/sample_project.dir/usr/share/pico-sdk/src/common/pico_sync/critical_section.c.obj
                0x0000000010000e40                critical_section_init
 .text.time_reached
                0x0000000010000e54       0x28 CMakeFiles/sample_project.dir/usr/share/pico-sdk/src/common/pico_time/time.c.obj
 .text.get_entry
                0x0000000010000e7c       0x38 CMakeFiles/sample_project.dir/usr/share/pico-sdk/src/common/pico_time/time.c.obj
 .text.timer_pool_entry_comparator
                0x0000000010000eb4       0x2e CMakeFiles/sample_project.dir/usr/share/pico-sdk/src/common/pico_time/time.c.obj
                0x0000000010000eb4                timer_pool_entry_comparator
 *fill*         0x0000000010000ee2        0x2 
 .text.update_us_since_boot
                0x0000000010000ee4       0x24 CMakeFiles/sample_project.dir/usr/share/pico-sdk/src/common/pico_time/time.c.obj
 .text.delayed_by_us
                0x0000000010000f08       0x34 CMakeFiles/sample_project.dir/usr/share/pico-sdk/src/common/pico_time/time.c.obj
 .text.ph_get_node
                0x0000000010000f3c       0x30 CMakeFiles/sample_project.dir/usr/share/pico-sdk/src/common/pico_time/time.c.obj
 .text.ph_contains_node
                0x0000000010000f6c       0x1e CMakeFiles/sample_project.dir/usr/share/pico-sdk/src/common/pico_time/time.c.obj
 .text.ph_new_node
                0x0000000010000f8a       0x28 CMakeFiles/sample_project.dir/usr/share/pico-sdk/src/common/pico_time/time.c.obj
 *fill*         0x0000000010000fb2        0x2 
 .text.ph_add_child_node
                0x0000000010000fb4       0x6c CMakeFiles/sample_project.dir/usr/share/pico-sdk/src/common/pico_time/time.c.obj
 .text.ph_merge_nodes
                0x0000000010001020       0x3e CMakeFiles/sample_project.dir/usr/share/pico-sdk/src/common/pico_time/time.c.obj
 *fill*         0x000000001000105e        0x2 
 .text.ph_insert_node
                0x0000000010001060       0x3c CMakeFiles/sample_project.dir/usr/share/pico-sdk/src/common/pico_time/time.c.obj
 .text.ph_free_node
                0x000000001000109c       0x5c CMakeFiles/sample_project.dir/usr/share/pico-sdk/src/common/pico_time/time.c.obj
 .text.get_entry_id_high
                0x00000000100010f8       0x30 CMakeFiles/sample_project.dir/usr/share/pico-sdk/src/common/pico_time/time.c.obj
 .text.alarm_pool_post_alloc_init
                0x0000000010001128       0x40 CMakeFiles/sample_project.dir/usr/share/pico-sdk/src/common/pico_time/time.c.obj
 .text.sleep_until_callback
                0x0000000010001168       0x30 CMakeFiles/sample_project.dir/usr/share/pico-sdk/src/common/pico_time/time.c.obj
 .text.get_absolute_time
                0x0000000010001198       0x22 CMakeFiles/sample_project.dir/usr/share/pico-sdk/src/common/pico_time/time.c.obj
 .text.make_timeout_time_us
                0x00000000100011ba       0x24 CMakeFiles/sample_project.dir/usr/share/pico-sdk/src/common/pico_time/time.c.obj
 *fill*         0x00000000100011de        0x2 
 .text.add_alarm_under_lock
                0x00000000100011e0       0x94 CMakeFiles/sample_project.dir/usr/share/pico-sdk/src/common/pico_time/time.c.obj
 .text.alarm_pool_alarm_callback
                0x0000000010001274      0x20c CMakeFiles/sample_project.dir/usr/share/pico-sdk/src/common/pico_time/time.c.obj
 .text.alarm_pool_init_default
                0x0000000010001480       0x40 CMakeFiles/sample_project.dir/usr/share/pico-sdk/src/common/pico_time/time.c.obj
                0x0000000010001480                alarm_pool_init_default
 .text.alarm_pool_get_default
                0x00000000100014c0       0x2c CMakeFiles/sample_project.dir/usr/share/pico-sdk/src/common/pico_time/time.c.obj
                0x00000000100014c0                alarm_pool_get_default
 .text.alarm_pool_add_alarm_at
                0x00000000100014ec      0x10e CMakeFiles/sample_project.dir/usr/share/pico-sdk/src/common/pico_time/time.c.obj
                0x00000000100014ec                alarm_pool_add_alarm_at
 .text.add_alarm_at
                0x00000000100015fa       0x2e CMakeFiles/sample_project.dir/usr/share/pico-sdk/src/common/pico_time/time.c.obj
 .text.alarm_pool_cancel_alarm
                0x0000000010001628       0xa0 CMakeFiles/sample_project.dir/usr/share/pico-sdk/src/common/pico_time/time.c.obj
                0x0000000010001628                alarm_pool_cancel_alarm
 .text.cancel_alarm
                0x00000000100016c8       0x10 CMakeFiles/sample_project.dir/usr/share/pico-sdk/src/common/pico_time/time.c.obj
 .text.alarm_pool_core_num
                0x00000000100016d8        0x4 CMakeFiles/sample_project.dir/usr/share/pico-sdk/src/common/pico_time/time.c.obj
                0x00000000100016d8                alarm_pool_core_num
 .text.sleep_until
                0x00000000100016dc       0xb0 CMakeFiles/sample_project.dir/usr/share/pico-sdk/src/common/pico_time/time.c.obj
                0x00000000100016dc                sleep_until
 .text.sleep_us
                0x000000001000178c       0x1a CMakeFiles/sample_project.dir/usr/share/pico-sdk/src/common/pico_time/time.c.obj
                0x000000001000178c                sleep_us
 .text.sleep_ms
                0x00000000100017a6       0x14 CMakeFiles/sample_project.dir/usr/share/pico-sdk/src/common/pico_time/time.c.obj
                0x00000000100017a6                sleep_ms
 *fill*         0x00000000100017ba        0x2 
 .text.best_effort_wfe_or_timeout
                0x00000000100017bc       0x44 CMakeFiles/sample_project.dir/usr/share/pico-sdk/src/common/pico_time/time.c.obj
                0x00000000100017bc                best_effort_wfe_or_timeout
 .text.hardware_alarm_irq_handler
                0x0000000010001800       0x8c CMakeFiles/sample_project.dir/usr/share/pico-sdk/src/rp2_common/hardware_timer/timer.c.obj
 .text.hardware_alarm_claim
                0x000000001000188c       0x18 CMakeFiles/sample_project.dir/usr/share/pico-sdk/src/rp2_common/hardware_timer/timer.c.obj
                0x000000001000188c                hardware_alarm_claim
 .text.time_us_64
                0x00000000100018a4       0x18 CMakeFiles/sample_project.dir/usr/share/pico-sdk/src/rp2_common/hardware_timer/timer.c.obj
                0x00000000100018a4                time_us_64
 .text.busy_wait_until
                0x00000000100018bc       0x28 CMakeFiles/sample_project.dir/usr/share/pico-sdk/src/rp2_common/hardware_timer/timer.c.obj
                0x00000000100018bc                busy_wait_until
 .text.hardware_alarm_set_callback
                0x00000000100018e4       0x90 CMakeFiles/sample_project.dir/usr/share/pico-sdk/src/rp2_common/hardware_timer/timer.c.obj
                0x00000000100018e4                hardware_alarm_set_callback
 .text.hardware_alarm_set_target
                0x0000000010001974       0xe8 CMakeFiles/sample_project.dir/usr/share/pico-sdk/src/rp2_common/hardware_timer/timer.c.obj
                0x0000000010001974                hardware_alarm_set_target
 .text.hardware_alarm_cancel
                0x0000000010001a5c       0x40 CMakeFiles/sample_project.dir/usr/share/pico-sdk/src/rp2_common/hardware_timer/timer.c.obj
                0x0000000010001a5c                hardware_alarm_cancel
 .text.ph_get_node
                0x0000000010001a9c       0x30 CMakeFiles/sample_project.dir/usr/share/pico-sdk/src/common/pico_util/pheap.c.obj
 .text.ph_add_child_node
                0x0000000010001acc       0x6c CMakeFiles/sample_project.dir/usr/share/pico-sdk/src/common/pico_util/pheap.c.obj
 .text.ph_merge_nodes
                0x0000000010001b38       0x3e CMakeFiles/sample_project.dir/usr/share/pico-sdk/src/common/pico_util/pheap.c.obj
 .text.ph_clear
                0x0000000010001b76       0x34 CMakeFiles/sample_project.dir/usr/share/pico-sdk/src/common/pico_util/pheap.c.obj
                0x0000000010001b76                ph_clear
 .text.ph_post_alloc_init
                0x0000000010001baa        0xe CMakeFiles/sample_project.dir/usr/share/pico-sdk/src/common/pico_util/pheap.c.obj
                0x0000000010001baa                ph_post_alloc_init
 .text.ph_merge_two_pass
                0x0000000010001bb8       0x5c CMakeFiles/sample_project.dir/usr/share/pico-sdk/src/common/pico_util/pheap.c.obj
                0x0000000010001bb8                ph_merge_two_pass
 .text.ph_remove_any_head
                0x0000000010001c14       0xc0 CMakeFiles/sample_project.dir/usr/share/pico-sdk/src/common/pico_util/pheap.c.obj
 .text.ph_remove_head
                0x0000000010001cd4       0x14 CMakeFiles/sample_project.dir/usr/share/pico-sdk/src/common/pico_util/pheap.c.obj
                0x0000000010001cd4                ph_remove_head
 .text.ph_remove_and_free_node
                0x0000000010001ce8       0xa0 CMakeFiles/sample_project.dir/usr/share/pico-sdk/src/common/pico_util/pheap.c.obj
                0x0000000010001ce8                ph_remove_and_free_node
 .text.uart_set_baudrate
                0x0000000010001d88       0x5c CMakeFiles/sample_project.dir/usr/share/pico-sdk/src/rp2_common/hardware_uart/uart.c.obj
                0x0000000010001d88                uart_set_baudrate
 .text.uart_set_translate_crlf
                0x0000000010001de4       0x28 CMakeFiles/sample_project.dir/usr/share/pico-sdk/src/rp2_common/hardware_uart/uart.c.obj
                0x0000000010001de4                uart_set_translate_crlf
 .text.uart_init
                0x0000000010001e0c       0x80 CMakeFiles/sample_project.dir/usr/share/pico-sdk/src/rp2_common/hardware_uart/uart.c.obj
                0x0000000010001e0c                uart_init
 .text.clock_configure
                0x0000000010001e8c      0x104 CMakeFiles/sample_project.dir/usr/share/pico-sdk/src/rp2_common/hardware_clocks/clocks.c.obj
                0x0000000010001e8c                clock_configure
 .text.clocks_init
                0x0000000010001f90      0x100 CMakeFiles/sample_project.dir/usr/share/pico-sdk/src/rp2_common/hardware_clocks/clocks.c.obj
                0x0000000010001f90                clocks_init
 .text.clock_get_hz
                0x0000000010002090        0xc CMakeFiles/sample_project.dir/usr/share/pico-sdk/src/rp2_common/hardware_clocks/clocks.c.obj
                0x0000000010002090                clock_get_hz
 .text.pll_init
                0x000000001000209c      0x12c CMakeFiles/sample_project.dir/usr/share/pico-sdk/src/rp2_common/hardware_pll/pll.c.obj
                0x000000001000209c                pll_init
 .text.watchdog_start_tick
                0x00000000100021c8       0x10 CMakeFiles/sample_project.dir/usr/share/pico-sdk/src/rp2_common/hardware_watchdog/watchdog.c.obj
                0x00000000100021c8                watchdog_start_tick
 .text.watchdog_update
                0x00000000100021d8       0x14 CMakeFiles/sample_project.dir/usr/share/pico-sdk/src/rp2_common/hardware_watchdog/watchdog.c.obj
                0x00000000100021d8                watchdog_update
 .text._watchdog_enable
                0x00000000100021ec       0x78 CMakeFiles/sample_project.dir/usr/share/pico-sdk/src/rp2_common/hardware_watchdog/watchdog.c.obj
                0x00000000100021ec                _watchdog_enable
 .text.watchdog_reboot
                0x0000000010002264       0x48 CMakeFiles/sample_project.dir/usr/share/pico-sdk/src/rp2_common/hardware_watchdog/watchdog.c.obj
                0x0000000010002264                watchdog_reboot
 .text.xosc_init
                0x00000000100022ac       0x28 CMakeFiles/sample_project.dir/usr/share/pico-sdk/src/rp2_common/hardware_xosc/xosc.c.obj
                0x00000000100022ac                xosc_init
 .text._exit    0x00000000100022d4        0x4 CMakeFiles/sample_project.dir/usr/share/pico-sdk/src/rp2_common/pico_runtime/runtime.c.obj
                0x00000000100022d4                _exit
 .text.exit     0x00000000100022d8        0x6 CMakeFiles/sample_project.dir/usr/share/pico-sdk/src/rp2_common/pico_runtime/runtime.c.obj
                0x00000000100022d8                exit
 *fill*         0x00000000100022de        0x2 
 .text.__assert_func
                0x00000000100022e0       0x38 CMakeFiles/sample_project.dir/usr/share/pico-sdk/src/rp2_common/pico_runtime/runtime.c.obj
                0x00000000100022e0                __assert_func
 .text.runtime_init
                0x0000000010002318       0xf8 CMakeFiles/sample_project.dir/usr/share/pico-sdk/src/rp2_common/pico_runtime/runtime.c.obj
                0x0000000010002318                runtime_init
 .text.panic    0x0000000010002410       0x30 CMakeFiles/sample_project.dir/usr/share/pico-sdk/src/rp2_common/pico_runtime/runtime.c.obj
                0x0000000010002410                panic
 .text._out_null
                0x0000000010002440        0x2 CMakeFiles/sample_project.dir/usr/share/pico-sdk/src/rp2_common/pico_printf/printf.c.obj
 .text._out_fct
                0x0000000010002442        0xe CMakeFiles/sample_project.dir/usr/share/pico-sdk/src/rp2_common/pico_printf/printf.c.obj
 .text._atoi    0x0000000010002450       0x24 CMakeFiles/sample_project.dir/usr/share/pico-sdk/src/rp2_common/pico_printf/printf.c.obj
 .text._out_rev
                0x0000000010002474       0xae CMakeFiles/sample_project.dir/usr/share/pico-sdk/src/rp2_common/pico_printf/printf.c.obj
 .text._ntoa_format
                0x0000000010002522      0x110 CMakeFiles/sample_project.dir/usr/share/pico-sdk/src/rp2_common/pico_printf/printf.c.obj
 .text._ntoa_long
                0x0000000010002632       0xbc CMakeFiles/sample_project.dir/usr/share/pico-sdk/src/rp2_common/pico_printf/printf.c.obj
 .text._ntoa_long_long
                0x00000000100026ee      0x10e CMakeFiles/sample_project.dir/usr/share/pico-sdk/src/rp2_common/pico_printf/printf.c.obj
 .text._etoa    0x00000000100027fc      0x420 CMakeFiles/sample_project.dir/usr/share/pico-sdk/src/rp2_common/pico_printf/printf.c.obj
 .text._ftoa    0x0000000010002c1c      0x354 CMakeFiles/sample_project.dir/usr/share/pico-sdk/src/rp2_common/pico_printf/printf.c.obj
 .text._vsnprintf
                0x0000000010002f70      0x65c CMakeFiles/sample_project.dir/usr/share/pico-sdk/src/rp2_common/pico_printf/printf.c.obj
 .text.vfctprintf
                0x00000000100035cc       0x20 CMakeFiles/sample_project.dir/usr/share/pico-sdk/src/rp2_common/pico_printf/printf.c.obj
                0x00000000100035cc                vfctprintf
 .text          0x00000000100035ec       0x10 CMakeFiles/sample_project.dir/usr/share/pico-sdk/src/rp2_common/pico_bit_ops/bit_ops_aeabi.S.obj
 .text.rom_func_lookup
                0x00000000100035fc       0x10 CMakeFiles/sample_project.dir/usr/share/pico-sdk/src/rp2_common/pico_bootrom/bootrom.c.obj
                0x00000000100035fc                rom_func_lookup
 .text.rom_data_lookup
                0x000000001000360c       0x10 CMakeFiles/sample_project.dir/usr/share/pico-sdk/src/rp2_common/pico_bootrom/bootrom.c.obj
                0x000000001000360c                rom_data_lookup
 .text.rom_funcs_lookup
                0x000000001000361c       0x36 CMakeFiles/sample_project.dir/usr/share/pico-sdk/src/rp2_common/pico_bootrom/bootrom.c.obj
                0x000000001000361c                rom_funcs_lookup
 *fill*         0x0000000010003652        0x2 
 .text.__wrap___aeabi_idiv
                0x0000000010003654       0x50 CMakeFiles/sample_project.dir/usr/share/pico-sdk/src/rp2_common/pico_divider/divider.S.obj
                0x0000000010003654                __wrap___aeabi_idivmod
                0x0000000010003654                divmod_s32s32
                0x0000000010003654                div_s32s32
                0x0000000010003654                __wrap___aeabi_idiv
                0x000000001000365c                divmod_s32s32_unsafe
                0x0000000010003688                divmod_s32s32_savestate
 .text.__wrap___aeabi_uidiv
                0x00000000100036a4       0x4c CMakeFiles/sample_project.dir/usr/share/pico-sdk/src/rp2_common/pico_divider/divider.S.obj
                0x00000000100036a4                __wrap___aeabi_uidiv
                0x00000000100036a4                __wrap___aeabi_uidivmod
                0x00000000100036a4                div_u32u32
                0x00000000100036a4                divmod_u32u32
                0x00000000100036ac                divmod_u32u32_unsafe
                0x00000000100036d4                divmod_u32u32_savestate
 .text.__wrap___aeabi_ldiv
                0x00000000100036f0      0x424 CMakeFiles/sample_project.dir/usr/share/pico-sdk/src/rp2_common/pico_divider/divider.S.obj
                0x00000000100036f0                div_s64s64
                0x00000000100036f0                divmod_s64s64
                0x00000000100036f0                __wrap___aeabi_ldivmod
                0x0000000010003720                div_u64u64
                0x0000000010003720                divmod_u64u64
                0x0000000010003720                __wrap___aeabi_uldivmod
                0x0000000010003730                divmod_u64u64_savestate
                0x0000000010003750                divmod_s64s64_unsafe
                0x00000000100037d8                divmod_u64u64_unsafe
 .text.__wrap___aeabi_darithmetic
                0x0000000010003b14       0x60 CMakeFiles/sample_project.dir/usr/share/pico-sdk/src/rp2_common/pico_double/double_aeabi.S.obj
                0x0000000010003b14                __wrap___aeabi_drsub
                0x0000000010003b1a                __wrap___aeabi_dsub
                0x0000000010003b24                __wrap___aeabi_dadd
                0x0000000010003b2e                __wrap___aeabi_ddiv
                0x0000000010003b62                __wrap___aeabi_dmul
 .text.__wrap___aeabi_cdcmple
                0x0000000010003b74       0x6c CMakeFiles/sample_project.dir/usr/share/pico-sdk/src/rp2_common/pico_double/double_aeabi.S.obj
                0x0000000010003b74                __wrap___aeabi_cdrcmple
                0x0000000010003b84                __wrap___aeabi_cdcmple
                0x0000000010003b84                __wrap___aeabi_cdcmpeq
 .text.__wrap___aeabi_dcmplt
                0x0000000010003be0        0xc CMakeFiles/sample_project.dir/usr/share/pico-sdk/src/rp2_common/pico_double/double_aeabi.S.obj
                0x0000000010003be0                __wrap___aeabi_dcmplt
 .text.__wrap___aeabi_dcmple
                0x0000000010003bec       0x10 CMakeFiles/sample_project.dir/usr/share/pico-sdk/src/rp2_common/pico_double/double_aeabi.S.obj
                0x0000000010003bec                __wrap___aeabi_dcmple
 .text.__wrap___aeabi_dcmpge
                0x0000000010003bfc       0x10 CMakeFiles/sample_project.dir/usr/share/pico-sdk/src/rp2_common/pico_double/double_aeabi.S.obj
                0x0000000010003bfc                __wrap___aeabi_dcmpge
 .text.__wrap___aeabi_dcmpgt
                0x0000000010003c0c        0xa CMakeFiles/sample_project.dir/usr/share/pico-sdk/src/rp2_common/pico_double/double_aeabi.S.obj
                0x0000000010003c0c                __wrap___aeabi_dcmpgt
 .text.__wrap___aeabi_dcmpun
                0x0000000010003c16       0x1c CMakeFiles/sample_project.dir/usr/share/pico-sdk/src/rp2_common/pico_double/double_aeabi.S.obj
                0x0000000010003c16                __wrap___aeabi_dcmpun
 *fill*         0x0000000010003c32        0x2 
 .text.__wrap___aeabi_i2d
                0x0000000010003c34       0x38 CMakeFiles/sample_project.dir/usr/share/pico-sdk/src/rp2_common/pico_double/double_aeabi.S.obj
                0x0000000010003c34                __wrap___aeabi_ui2d
                0x0000000010003c3c                __wrap___aeabi_i2d
 .text.__wrap___aeabi_d2iz
                0x0000000010003c6c       0x48 CMakeFiles/sample_project.dir/usr/share/pico-sdk/src/rp2_common/pico_double/double_aeabi.S.obj
                0x0000000010003c6c                __wrap___aeabi_d2iz
                0x0000000010003c6c                double2int_z
 .text.__wrap___aeabi_d2uiz
                0x0000000010003cb4       0x10 CMakeFiles/sample_project.dir/usr/share/pico-sdk/src/rp2_common/pico_double/double_aeabi.S.obj
                0x0000000010003cb4                double2uint
                0x0000000010003cb4                __wrap___aeabi_d2uiz
 .text.__wrap___aeabi_d2f
                0x0000000010003cc4       0x10 CMakeFiles/sample_project.dir/usr/share/pico-sdk/src/rp2_common/pico_double/double_aeabi.S.obj
                0x0000000010003cc4                __wrap___aeabi_d2f
 .text.missing_double_func_shim
                0x0000000010003cd4        0xc CMakeFiles/sample_project.dir/usr/share/pico-sdk/src/rp2_common/pico_double/double_init_rom.c.obj
 .text.__aeabi_double_init
                0x0000000010003ce0       0xd0 CMakeFiles/sample_project.dir/usr/share/pico-sdk/src/rp2_common/pico_double/double_init_rom.c.obj
                0x0000000010003ce0                __aeabi_double_init
 .text.double_table_shim_on_use_helper
                0x0000000010003db0       0x34 CMakeFiles/sample_project.dir/usr/share/pico-sdk/src/rp2_common/pico_double/double_v1_rom_shim.S.obj
                0x0000000010003db0                double_table_shim_on_use_helper
 .text.__aeabi_lmul
                0x0000000010003de4       0x32 CMakeFiles/sample_project.dir/usr/share/pico-sdk/src/rp2_common/pico_int64_ops/pico_int64_ops_aeabi.S.obj
                0x0000000010003de4                __wrap___aeabi_lmul
 *fill*         0x0000000010003e16        0x2 
 .text.__wrap___aeabi_farithmetic
                0x0000000010003e18       0x48 CMakeFiles/sample_project.dir/usr/share/pico-sdk/src/rp2_common/pico_float/float_aeabi.S.obj
                0x0000000010003e18                __wrap___aeabi_frsub
                0x0000000010003e1e                __wrap___aeabi_fsub
                0x0000000010003e24                __wrap___aeabi_fadd
                0x0000000010003e2a                __wrap___aeabi_fdiv
                0x0000000010003e52                __wrap___aeabi_fmul
 .text.__wrap___aeabi_cfcmple
                0x0000000010003e60       0x50 CMakeFiles/sample_project.dir/usr/share/pico-sdk/src/rp2_common/pico_float/float_aeabi.S.obj
                0x0000000010003e60                __wrap___aeabi_cfrcmple
                0x0000000010003e6c                __wrap___aeabi_cfcmpeq
                0x0000000010003e6c                __wrap___aeabi_cfcmple
 .text.__wrap___aeabi_fcmplt
                0x0000000010003eb0        0xc CMakeFiles/sample_project.dir/usr/share/pico-sdk/src/rp2_common/pico_float/float_aeabi.S.obj
                0x0000000010003eb0                __wrap___aeabi_fcmplt
 .text.__wrap___aeabi_i2f
                0x0000000010003ebc       0x44 CMakeFiles/sample_project.dir/usr/share/pico-sdk/src/rp2_common/pico_float/float_aeabi.S.obj
                0x0000000010003ebc                __wrap___aeabi_i2f
 .text.__wrap___aeabi_f2d
                0x0000000010003f00        0xc CMakeFiles/sample_project.dir/usr/share/pico-sdk/src/rp2_common/pico_float/float_aeabi.S.obj
                0x0000000010003f00                __wrap___aeabi_f2d
 .text.missing_float_func_shim
                0x0000000010003f0c        0xc CMakeFiles/sample_project.dir/usr/share/pico-sdk/src/rp2_common/pico_float/float_init_rom.c.obj
 .text.__aeabi_float_init
                0x0000000010003f18       0x88 CMakeFiles/sample_project.dir/usr/share/pico-sdk/src/rp2_common/pico_float/float_init_rom.c.obj
                0x0000000010003f18                __aeabi_float_init
 .text          0x0000000010003fa0       0x10 CMakeFiles/sample_project.dir/usr/share/pico-sdk/src/rp2_common/pico_mem_ops/mem_ops_aeabi.S.obj
                0x0000000010003fa0                __aeabi_mem_init
 .text.memset   0x0000000010003fb0        0xc CMakeFiles/sample_project.dir/usr/share/pico-sdk/src/rp2_common/pico_mem_ops/mem_ops_aeabi.S.obj
                0x0000000010003fb0                __wrap_memset
 .text.memcpy   0x0000000010003fbc        0xc CMakeFiles/sample_project.dir/usr/share/pico-sdk/src/rp2_common/pico_mem_ops/mem_ops_aeabi.S.obj
                0x0000000010003fbc                __wrap___aeabi_memcpy
                0x0000000010003fbc                __wrap_memcpy
 .text.stdio_out_chars_no_crlf
                0x0000000010003fc8        0xe CMakeFiles/sample_project.dir/usr/share/pico-sdk/src/rp2_common/pico_stdio/stdio.c.obj
 *fill*         0x0000000010003fd6        0x2 
 .text.stdio_out_chars_crlf
                0x0000000010003fd8       0x80 CMakeFiles/sample_project.dir/usr/share/pico-sdk/src/rp2_common/pico_stdio/stdio.c.obj
 .text.stdio_stack_buffer_flush
                0x0000000010004058       0x44 CMakeFiles/sample_project.dir/usr/share/pico-sdk/src/rp2_common/pico_stdio/stdio.c.obj
 .text.stdio_buffered_printer
                0x000000001000409c       0x20 CMakeFiles/sample_project.dir/usr/share/pico-sdk/src/rp2_common/pico_stdio/stdio.c.obj
 .text.update_us_since_boot
                0x00000000100040bc       0x24 CMakeFiles/sample_project.dir/usr/share/pico-sdk/src/rp2_common/pico_stdio/stdio.c.obj
 .text.get_absolute_time
                0x00000000100040e0       0x22 CMakeFiles/sample_project.dir/usr/share/pico-sdk/src/rp2_common/pico_stdio/stdio.c.obj
 *fill*         0x0000000010004102        0x2 
 .text.delayed_by_ms
                0x0000000010004104       0x44 CMakeFiles/sample_project.dir/usr/share/pico-sdk/src/rp2_common/pico_stdio/stdio.c.obj
 .text.make_timeout_time_ms
                0x0000000010004148       0x20 CMakeFiles/sample_project.dir/usr/share/pico-sdk/src/rp2_common/pico_stdio/stdio.c.obj
 .text.stdout_serialize_begin
                0x0000000010004168       0x20 CMakeFiles/sample_project.dir/usr/share/pico-sdk/src/rp2_common/pico_stdio/stdio.c.obj
                0x0000000010004168                stdout_serialize_begin
 .text.stdout_serialize_end
                0x0000000010004188       0x10 CMakeFiles/sample_project.dir/usr/share/pico-sdk/src/rp2_common/pico_stdio/stdio.c.obj
                0x0000000010004188                stdout_serialize_end
 .text.stdio_put_string
                0x0000000010004198       0x98 CMakeFiles/sample_project.dir/usr/share/pico-sdk/src/rp2_common/pico_stdio/stdio.c.obj
 .text.stdio_set_driver_enabled
                0x0000000010004230       0x2c CMakeFiles/sample_project.dir/usr/share/pico-sdk/src/rp2_common/pico_stdio/stdio.c.obj
                0x0000000010004230                stdio_set_driver_enabled
 .text.stdio_flush
                0x000000001000425c       0x20 CMakeFiles/sample_project.dir/usr/share/pico-sdk/src/rp2_common/pico_stdio/stdio.c.obj
                0x000000001000425c                stdio_flush
 .text.__wrap_puts
                0x000000001000427c       0x1e CMakeFiles/sample_project.dir/usr/share/pico-sdk/src/rp2_common/pico_stdio/stdio.c.obj
                0x000000001000427c                __wrap_puts
 *fill*         0x000000001000429a        0x2 
 .text.__wrap_vprintf
                0x000000001000429c       0x40 CMakeFiles/sample_project.dir/usr/share/pico-sdk/src/rp2_common/pico_stdio/stdio.c.obj
                0x000000001000429c                __wrap_vprintf
 .text.__wrap_printf
                0x00000000100042dc       0x18 CMakeFiles/sample_project.dir/usr/share/pico-sdk/src/rp2_common/pico_stdio/stdio.c.obj
                0x00000000100042dc                __wrap_printf
 .text.stdio_init_all
                0x00000000100042f4        0xe CMakeFiles/sample_project.dir/usr/share/pico-sdk/src/rp2_common/pico_stdio/stdio.c.obj
                0x00000000100042f4                stdio_init_all
 *fill*         0x0000000010004302        0x2 
 .text.uart_putc
                0x0000000010004304       0x60 CMakeFiles/sample_project.dir/usr/share/pico-sdk/src/rp2_common/pico_stdio_uart/stdio_uart.c.obj
 .text.uart_getc
                0x0000000010004364       0x24 CMakeFiles/sample_project.dir/usr/share/pico-sdk/src/rp2_common/pico_stdio_uart/stdio_uart.c.obj
 .text.stdio_uart_out_chars
                0x0000000010004388       0x20 CMakeFiles/sample_project.dir/usr/share/pico-sdk/src/rp2_common/pico_stdio_uart/stdio_uart.c.obj
 .text.stdio_uart_in_chars
                0x00000000100043a8       0x5c CMakeFiles/sample_project.dir/usr/share/pico-sdk/src/rp2_common/pico_stdio_uart/stdio_uart.c.obj
                0x00000000100043a8                stdio_uart_in_chars
 .text.on_uart_rx
                0x0000000010004404       0x28 CMakeFiles/sample_project.dir/usr/share/pico-sdk/src/rp2_common/pico_stdio_uart/stdio_uart.c.obj
 .text.stdio_uart_set_chars_available_callback
                0x000000001000442c       0x8c CMakeFiles/sample_project.dir/usr/share/pico-sdk/src/rp2_common/pico_stdio_uart/stdio_uart.c.obj
 .text.stdio_uart_init_full
                0x00000000100044b8       0x44 CMakeFiles/sample_project.dir/usr/share/pico-sdk/src/rp2_common/pico_stdio_uart/stdio_uart.c.obj
                0x00000000100044b8                stdio_uart_init_full
 .text.stdio_uart_init
                0x00000000100044fc       0x28 CMakeFiles/sample_project.dir/usr/share/pico-sdk/src/rp2_common/pico_stdio_uart/stdio_uart.c.obj
                0x00000000100044fc                stdio_uart_init
 .text.resetd_init
                0x0000000010004524        0x2 CMakeFiles/sample_project.dir/usr/share/pico-sdk/src/rp2_common/pico_stdio_usb/reset_interface.c.obj
 *fill*         0x0000000010004526        0x2 
 .text.resetd_reset
                0x0000000010004528        0xc CMakeFiles/sample_project.dir/usr/share/pico-sdk/src/rp2_common/pico_stdio_usb/reset_interface.c.obj
 .text.resetd_open
                0x0000000010004534       0x34 CMakeFiles/sample_project.dir/usr/share/pico-sdk/src/rp2_common/pico_stdio_usb/reset_interface.c.obj
 .text.resetd_xfer_cb
                0x0000000010004568        0x4 CMakeFiles/sample_project.dir/usr/share/pico-sdk/src/rp2_common/pico_stdio_usb/reset_interface.c.obj
 .text.reset_usb_boot
                0x000000001000456c       0x18 CMakeFiles/sample_project.dir/usr/share/pico-sdk/src/rp2_common/pico_stdio_usb/reset_interface.c.obj
 .text.resetd_control_xfer_cb
                0x0000000010004584       0x5c CMakeFiles/sample_project.dir/usr/share/pico-sdk/src/rp2_common/pico_stdio_usb/reset_interface.c.obj
 .text.usbd_app_driver_get_cb
                0x00000000100045e0        0xc CMakeFiles/sample_project.dir/usr/share/pico-sdk/src/rp2_common/pico_stdio_usb/reset_interface.c.obj
                0x00000000100045e0                usbd_app_driver_get_cb
 .text.tud_cdc_line_coding_cb
                0x00000000100045ec       0x28 CMakeFiles/sample_project.dir/usr/share/pico-sdk/src/rp2_common/pico_stdio_usb/reset_interface.c.obj
                0x00000000100045ec                tud_cdc_line_coding_cb
 .text.stdio_usb_set_chars_available_callback
                0x0000000010004614       0x14 CMakeFiles/sample_project.dir/usr/share/pico-sdk/src/rp2_common/pico_stdio_usb/stdio_usb.c.obj
                0x0000000010004614                stdio_usb_set_chars_available_callback
 .text.update_us_since_boot
                0x0000000010004628       0x24 CMakeFiles/sample_project.dir/usr/share/pico-sdk/src/rp2_common/pico_stdio_usb/stdio_usb.c.obj
 .text.get_absolute_time
                0x000000001000464c       0x22 CMakeFiles/sample_project.dir/usr/share/pico-sdk/src/rp2_common/pico_stdio_usb/stdio_usb.c.obj
 *fill*         0x000000001000466e        0x2 
 .text.delayed_by_ms
                0x0000000010004670       0x44 CMakeFiles/sample_project.dir/usr/share/pico-sdk/src/rp2_common/pico_stdio_usb/stdio_usb.c.obj
 .text.make_timeout_time_ms
                0x00000000100046b4       0x20 CMakeFiles/sample_project.dir/usr/share/pico-sdk/src/rp2_common/pico_stdio_usb/stdio_usb.c.obj
 .text.delayed_by_us
                0x00000000100046d4       0x34 CMakeFiles/sample_project.dir/usr/share/pico-sdk/src/rp2_common/pico_stdio_usb/stdio_usb.c.obj
 .text.usb_irq  0x0000000010004708       0x10 CMakeFiles/sample_project.dir/usr/share/pico-sdk/src/rp2_common/pico_stdio_usb/stdio_usb.c.obj
 .text.timer_task
                0x0000000010004718       0x58 CMakeFiles/sample_project.dir/usr/share/pico-sdk/src/rp2_common/pico_stdio_usb/stdio_usb.c.obj
 .text.alarm_pool_add_alarm_in_us
                0x0000000010004770       0x3a CMakeFiles/sample_project.dir/usr/share/pico-sdk/src/rp2_common/pico_stdio_usb/stdio_usb.c.obj
 .text.add_alarm_in_us
                0x00000000100047aa       0x2e CMakeFiles/sample_project.dir/usr/share/pico-sdk/src/rp2_common/pico_stdio_usb/stdio_usb.c.obj
 .text.low_priority_worker_irq
                0x00000000100047d8       0x84 CMakeFiles/sample_project.dir/usr/share/pico-sdk/src/rp2_common/pico_stdio_usb/stdio_usb.c.obj
 .text.tud_cdc_rx_cb
                0x000000001000485c       0x20 CMakeFiles/sample_project.dir/usr/share/pico-sdk/src/rp2_common/pico_stdio_usb/stdio_usb.c.obj
                0x000000001000485c                tud_cdc_rx_cb
 .text.stdio_usb_init
                0x000000001000487c       0xdc CMakeFiles/sample_project.dir/usr/share/pico-sdk/src/rp2_common/pico_stdio_usb/stdio_usb.c.obj
                0x000000001000487c                stdio_usb_init
 .text.stdio_usb_connected
                0x0000000010004958        0xa CMakeFiles/sample_project.dir/usr/share/pico-sdk/src/rp2_common/pico_stdio_usb/stdio_usb.c.obj
                0x0000000010004958                stdio_usb_connected
 *fill*         0x0000000010004962        0x2 
 .text.stdio_usb_in_chars
                0x0000000010004964       0x88 CMakeFiles/sample_project.dir/usr/share/pico-sdk/src/rp2_common/pico_stdio_usb/stdio_usb.c.obj
                0x0000000010004964                stdio_usb_in_chars
 .text.stdio_usb_out_chars
                0x00000000100049ec       0xd8 CMakeFiles/sample_project.dir/usr/share/pico-sdk/src/rp2_common/pico_stdio_usb/stdio_usb.c.obj
 .text.tud_descriptor_device_cb
                0x0000000010004ac4        0x8 CMakeFiles/sample_project.dir/usr/share/pico-sdk/src/rp2_common/pico_stdio_usb/stdio_usb_descriptors.c.obj
                0x0000000010004ac4                tud_descriptor_device_cb
 .text.tud_descriptor_configuration_cb
                0x0000000010004acc        0x8 CMakeFiles/sample_project.dir/usr/share/pico-sdk/src/rp2_common/pico_stdio_usb/stdio_usb_descriptors.c.obj
                0x0000000010004acc                tud_descriptor_configuration_cb
 .text.tud_descriptor_string_cb
                0x0000000010004ad4       0x6c CMakeFiles/sample_project.dir/usr/share/pico-sdk/src/rp2_common/pico_stdio_usb/stdio_usb_descriptors.c.obj
                0x0000000010004ad4                tud_descriptor_string_cb
 .text._retrieve_unique_id_on_boot
                0x0000000010004b40       0x10 CMakeFiles/sample_project.dir/usr/share/pico-sdk/src/rp2_common/pico_unique_id/unique_id.c.obj
 .text.pico_get_unique_board_id_string
                0x0000000010004b50       0x5c CMakeFiles/sample_project.dir/usr/share/pico-sdk/src/rp2_common/pico_unique_id/unique_id.c.obj
                0x0000000010004b50                pico_get_unique_board_id_string
 .text.flash_get_unique_id
                0x0000000010004bac       0x46 CMakeFiles/sample_project.dir/usr/share/pico-sdk/src/rp2_common/hardware_flash/flash.c.obj
                0x0000000010004bac                flash_get_unique_id
 *fill*         0x0000000010004bf2        0x2 
 .text.hw_endpoint_get_by_addr
                0x0000000010004bf4       0x18 CMakeFiles/sample_project.dir/usr/share/pico-sdk/lib/tinyusb/src/portable/raspberrypi/rp2040/dcd_rp2040.c.obj
 .text._hw_endpoint_alloc
                0x0000000010004c0c       0x70 CMakeFiles/sample_project.dir/usr/share/pico-sdk/lib/tinyusb/src/portable/raspberrypi/rp2040/dcd_rp2040.c.obj
 .text.hw_endpoint_init
                0x0000000010004c7c       0x88 CMakeFiles/sample_project.dir/usr/share/pico-sdk/lib/tinyusb/src/portable/raspberrypi/rp2040/dcd_rp2040.c.obj
 .text.dcd_event_sof
                0x0000000010004d04       0x2c CMakeFiles/sample_project.dir/usr/share/pico-sdk/lib/tinyusb/src/portable/raspberrypi/rp2040/dcd_rp2040.c.obj
 .text.hw_endpoint_xfer
                0x0000000010004d30       0x14 CMakeFiles/sample_project.dir/usr/share/pico-sdk/lib/tinyusb/src/portable/raspberrypi/rp2040/dcd_rp2040.c.obj
 .text.dcd_int_enable
                0x0000000010004d44       0x2c CMakeFiles/sample_project.dir/usr/share/pico-sdk/lib/tinyusb/src/portable/raspberrypi/rp2040/dcd_rp2040.c.obj
                0x0000000010004d44                dcd_int_enable
 .text.dcd_set_address
                0x0000000010004d70       0x2c CMakeFiles/sample_project.dir/usr/share/pico-sdk/lib/tinyusb/src/portable/raspberrypi/rp2040/dcd_rp2040.c.obj
                0x0000000010004d70                dcd_set_address
 .text.dcd_connect
                0x0000000010004d9c       0x10 CMakeFiles/sample_project.dir/usr/share/pico-sdk/lib/tinyusb/src/portable/raspberrypi/rp2040/dcd_rp2040.c.obj
                0x0000000010004d9c                dcd_connect
 .text.dcd_init
                0x0000000010004dac       0x80 CMakeFiles/sample_project.dir/usr/share/pico-sdk/lib/tinyusb/src/portable/raspberrypi/rp2040/dcd_rp2040.c.obj
                0x0000000010004dac                dcd_init
 .text.dcd_edpt0_status_complete
                0x0000000010004e2c       0x1c CMakeFiles/sample_project.dir/usr/share/pico-sdk/lib/tinyusb/src/portable/raspberrypi/rp2040/dcd_rp2040.c.obj
                0x0000000010004e2c                dcd_edpt0_status_complete
 .text.dcd_edpt_open
                0x0000000010004e48       0x40 CMakeFiles/sample_project.dir/usr/share/pico-sdk/lib/tinyusb/src/portable/raspberrypi/rp2040/dcd_rp2040.c.obj
                0x0000000010004e48                dcd_edpt_open
 .text.dcd_edpt_close_all
                0x0000000010004e88        0x8 CMakeFiles/sample_project.dir/usr/share/pico-sdk/lib/tinyusb/src/portable/raspberrypi/rp2040/dcd_rp2040.c.obj
                0x0000000010004e88                dcd_edpt_close_all
 .text.dcd_edpt_xfer
                0x0000000010004e90       0x34 CMakeFiles/sample_project.dir/usr/share/pico-sdk/lib/tinyusb/src/portable/raspberrypi/rp2040/dcd_rp2040.c.obj
                0x0000000010004e90                dcd_edpt_xfer
 .text.dcd_edpt_stall
                0x0000000010004ec4       0x2c CMakeFiles/sample_project.dir/usr/share/pico-sdk/lib/tinyusb/src/portable/raspberrypi/rp2040/dcd_rp2040.c.obj
                0x0000000010004ec4                dcd_edpt_stall
 .text.dcd_edpt_clear_stall
                0x0000000010004ef0       0x20 CMakeFiles/sample_project.dir/usr/share/pico-sdk/lib/tinyusb/src/portable/raspberrypi/rp2040/dcd_rp2040.c.obj
                0x0000000010004ef0                dcd_edpt_clear_stall
 .text.rp2040_usb_init
                0x0000000010004f10       0x4c CMakeFiles/sample_project.dir/usr/share/pico-sdk/lib/tinyusb/src/portable/raspberrypi/rp2040/rp2040_usb.c.obj
                0x0000000010004f10                rp2040_usb_init
 .text.hw_endpoint_xfer_start
                0x0000000010004f5c       0x50 CMakeFiles/sample_project.dir/usr/share/pico-sdk/lib/tinyusb/src/portable/raspberrypi/rp2040/rp2040_usb.c.obj
                0x0000000010004f5c                hw_endpoint_xfer_start
 .text.configuration_reset
                0x0000000010004fac       0x84 CMakeFiles/sample_project.dir/usr/share/pico-sdk/lib/tinyusb/src/device/usbd.c.obj
 .text.usbd_reset
                0x0000000010005030        0xc CMakeFiles/sample_project.dir/usr/share/pico-sdk/lib/tinyusb/src/device/usbd.c.obj
 .text.invoke_class_control
                0x000000001000503c       0x1a CMakeFiles/sample_project.dir/usr/share/pico-sdk/lib/tinyusb/src/device/usbd.c.obj
 *fill*         0x0000000010005056        0x2 
 .text.process_set_config
                0x0000000010005058      0x178 CMakeFiles/sample_project.dir/usr/share/pico-sdk/lib/tinyusb/src/device/usbd.c.obj
 .text.process_get_descriptor
                0x00000000100051d0       0xdc CMakeFiles/sample_project.dir/usr/share/pico-sdk/lib/tinyusb/src/device/usbd.c.obj
 .text.tud_mounted
                0x00000000100052ac       0x10 CMakeFiles/sample_project.dir/usr/share/pico-sdk/lib/tinyusb/src/device/usbd.c.obj
                0x00000000100052ac                tud_mounted
 .text.tud_suspended
                0x00000000100052bc       0x10 CMakeFiles/sample_project.dir/usr/share/pico-sdk/lib/tinyusb/src/device/usbd.c.obj
                0x00000000100052bc                tud_suspended
 .text.tud_inited
                0x00000000100052cc       0x14 CMakeFiles/sample_project.dir/usr/share/pico-sdk/lib/tinyusb/src/device/usbd.c.obj
                0x00000000100052cc                tud_inited
 .text.tud_init
                0x00000000100052e0       0xcc CMakeFiles/sample_project.dir/usr/share/pico-sdk/lib/tinyusb/src/device/usbd.c.obj
                0x00000000100052e0                tud_init
 .text.usbd_defer_func
                0x00000000100053ac       0x2a CMakeFiles/sample_project.dir/usr/share/pico-sdk/lib/tinyusb/src/device/usbd.c.obj
                0x00000000100053ac                usbd_defer_func
 *fill*         0x00000000100053d6        0x2 
 .text.usbd_edpt_open
                0x00000000100053d8       0x34 CMakeFiles/sample_project.dir/usr/share/pico-sdk/lib/tinyusb/src/device/usbd.c.obj
                0x00000000100053d8                usbd_edpt_open
 .text.usbd_open_edpt_pair
                0x000000001000540c       0x62 CMakeFiles/sample_project.dir/usr/share/pico-sdk/lib/tinyusb/src/device/usbd.c.obj
                0x000000001000540c                usbd_open_edpt_pair
 *fill*         0x000000001000546e        0x2 
 .text.usbd_edpt_claim
                0x0000000010005470       0x28 CMakeFiles/sample_project.dir/usr/share/pico-sdk/lib/tinyusb/src/device/usbd.c.obj
                0x0000000010005470                usbd_edpt_claim
 .text.usbd_edpt_release
                0x0000000010005498       0x28 CMakeFiles/sample_project.dir/usr/share/pico-sdk/lib/tinyusb/src/device/usbd.c.obj
                0x0000000010005498                usbd_edpt_release
 .text.usbd_edpt_xfer
                0x00000000100054c0       0x78 CMakeFiles/sample_project.dir/usr/share/pico-sdk/lib/tinyusb/src/device/usbd.c.obj
                0x00000000100054c0                usbd_edpt_xfer
 .text.usbd_edpt_stall
                0x0000000010005538       0x48 CMakeFiles/sample_project.dir/usr/share/pico-sdk/lib/tinyusb/src/device/usbd.c.obj
                0x0000000010005538                usbd_edpt_stall
 .text.usbd_edpt_clear_stall
                0x0000000010005580       0x48 CMakeFiles/sample_project.dir/usr/share/pico-sdk/lib/tinyusb/src/device/usbd.c.obj
                0x0000000010005580                usbd_edpt_clear_stall
 .text.usbd_edpt_stalled
                0x00000000100055c8       0x1c CMakeFiles/sample_project.dir/usr/share/pico-sdk/lib/tinyusb/src/device/usbd.c.obj
                0x00000000100055c8                usbd_edpt_stalled
 .text.process_control_request
                0x00000000100055e4      0x374 CMakeFiles/sample_project.dir/usr/share/pico-sdk/lib/tinyusb/src/device/usbd.c.obj
 .text.tud_task_ext
                0x0000000010005958      0x1b4 CMakeFiles/sample_project.dir/usr/share/pico-sdk/lib/tinyusb/src/device/usbd.c.obj
                0x0000000010005958                tud_task_ext
 .text._status_stage_xact
                0x0000000010005b0c       0x1a CMakeFiles/sample_project.dir/usr/share/pico-sdk/lib/tinyusb/src/device/usbd_control.c.obj
 *fill*         0x0000000010005b26        0x2 
 .text._data_stage_xact
                0x0000000010005b28       0x58 CMakeFiles/sample_project.dir/usr/share/pico-sdk/lib/tinyusb/src/device/usbd_control.c.obj
 .text.tud_control_status
                0x0000000010005b80       0x28 CMakeFiles/sample_project.dir/usr/share/pico-sdk/lib/tinyusb/src/device/usbd_control.c.obj
                0x0000000010005b80                tud_control_status
 .text.tud_control_xfer
                0x0000000010005ba8       0x68 CMakeFiles/sample_project.dir/usr/share/pico-sdk/lib/tinyusb/src/device/usbd_control.c.obj
                0x0000000010005ba8                tud_control_xfer
 .text.usbd_control_reset
                0x0000000010005c10       0x14 CMakeFiles/sample_project.dir/usr/share/pico-sdk/lib/tinyusb/src/device/usbd_control.c.obj
                0x0000000010005c10                usbd_control_reset
 .text.usbd_control_set_complete_callback
                0x0000000010005c24        0xc CMakeFiles/sample_project.dir/usr/share/pico-sdk/lib/tinyusb/src/device/usbd_control.c.obj
                0x0000000010005c24                usbd_control_set_complete_callback
 .text.usbd_control_set_request
                0x0000000010005c30       0x1c CMakeFiles/sample_project.dir/usr/share/pico-sdk/lib/tinyusb/src/device/usbd_control.c.obj
                0x0000000010005c30                usbd_control_set_request
 .text.usbd_control_xfer_cb
                0x0000000010005c4c       0xbc CMakeFiles/sample_project.dir/usr/share/pico-sdk/lib/tinyusb/src/device/usbd_control.c.obj
                0x0000000010005c4c                usbd_control_xfer_cb
 .text._prep_out_transaction
                0x0000000010005d08       0x4a CMakeFiles/sample_project.dir/usr/share/pico-sdk/lib/tinyusb/src/class/cdc/cdc_device.c.obj
 *fill*         0x0000000010005d52        0x2 
 .text.tud_cdc_n_connected
                0x0000000010005d54       0x38 CMakeFiles/sample_project.dir/usr/share/pico-sdk/lib/tinyusb/src/class/cdc/cdc_device.c.obj
                0x0000000010005d54                tud_cdc_n_connected
 .text.tud_cdc_n_available
                0x0000000010005d8c       0x18 CMakeFiles/sample_project.dir/usr/share/pico-sdk/lib/tinyusb/src/class/cdc/cdc_device.c.obj
                0x0000000010005d8c                tud_cdc_n_available
 .text.tud_cdc_n_read
                0x0000000010005da4       0x28 CMakeFiles/sample_project.dir/usr/share/pico-sdk/lib/tinyusb/src/class/cdc/cdc_device.c.obj
                0x0000000010005da4                tud_cdc_n_read
 .text.tud_cdc_n_write_flush
                0x0000000010005dcc       0xb8 CMakeFiles/sample_project.dir/usr/share/pico-sdk/lib/tinyusb/src/class/cdc/cdc_device.c.obj
                0x0000000010005dcc                tud_cdc_n_write_flush
 .text.tud_cdc_n_write
                0x0000000010005e84       0x38 CMakeFiles/sample_project.dir/usr/share/pico-sdk/lib/tinyusb/src/class/cdc/cdc_device.c.obj
                0x0000000010005e84                tud_cdc_n_write
 .text.tud_cdc_n_write_available
                0x0000000010005ebc       0x1c CMakeFiles/sample_project.dir/usr/share/pico-sdk/lib/tinyusb/src/class/cdc/cdc_device.c.obj
                0x0000000010005ebc                tud_cdc_n_write_available
 .text.cdcd_init
                0x0000000010005ed8       0xbc CMakeFiles/sample_project.dir/usr/share/pico-sdk/lib/tinyusb/src/class/cdc/cdc_device.c.obj
                0x0000000010005ed8                cdcd_init
 .text.cdcd_reset
                0x0000000010005f94       0x44 CMakeFiles/sample_project.dir/usr/share/pico-sdk/lib/tinyusb/src/class/cdc/cdc_device.c.obj
                0x0000000010005f94                cdcd_reset
 .text.cdcd_open
                0x0000000010005fd8       0xc4 CMakeFiles/sample_project.dir/usr/share/pico-sdk/lib/tinyusb/src/class/cdc/cdc_device.c.obj
                0x0000000010005fd8                cdcd_open
 .text.cdcd_control_xfer_cb
                0x000000001000609c      0x134 CMakeFiles/sample_project.dir/usr/share/pico-sdk/lib/tinyusb/src/class/cdc/cdc_device.c.obj
                0x000000001000609c                cdcd_control_xfer_cb
 .text.cdcd_xfer_cb
                0x00000000100061d0      0x130 CMakeFiles/sample_project.dir/usr/share/pico-sdk/lib/tinyusb/src/class/cdc/cdc_device.c.obj
                0x00000000100061d0                cdcd_xfer_cb
 .text.tusb_init
                0x0000000010006300        0xa CMakeFiles/sample_project.dir/usr/share/pico-sdk/lib/tinyusb/src/tusb.c.obj
                0x0000000010006300                tusb_init
 .text.tusb_inited
                0x000000001000630a        0xe CMakeFiles/sample_project.dir/usr/share/pico-sdk/lib/tinyusb/src/tusb.c.obj
                0x000000001000630a                tusb_inited
 .text.tu_edpt_claim
                0x0000000010006318       0x50 CMakeFiles/sample_project.dir/usr/share/pico-sdk/lib/tinyusb/src/tusb.c.obj
                0x0000000010006318                tu_edpt_claim
 .text.tu_edpt_release
                0x0000000010006368       0x38 CMakeFiles/sample_project.dir/usr/share/pico-sdk/lib/tinyusb/src/tusb.c.obj
                0x0000000010006368                tu_edpt_release
 .text.tu_edpt_validate
                0x00000000100063a0       0x78 CMakeFiles/sample_project.dir/usr/share/pico-sdk/lib/tinyusb/src/tusb.c.obj
                0x00000000100063a0                tu_edpt_validate
 .text.tu_edpt_bind_driver
                0x0000000010006418       0x26 CMakeFiles/sample_project.dir/usr/share/pico-sdk/lib/tinyusb/src/tusb.c.obj
                0x0000000010006418                tu_edpt_bind_driver
 .text.advance_index
                0x000000001000643e       0x1a CMakeFiles/sample_project.dir/usr/share/pico-sdk/lib/tinyusb/src/common/tusb_fifo.c.obj
 .text._tu_fifo_peek
                0x0000000010006458       0x56 CMakeFiles/sample_project.dir/usr/share/pico-sdk/lib/tinyusb/src/common/tusb_fifo.c.obj
 .text._ff_pull_const_addr
                0x00000000100064ae       0x4c CMakeFiles/sample_project.dir/usr/share/pico-sdk/lib/tinyusb/src/common/tusb_fifo.c.obj
 .text._ff_pull_n
                0x00000000100064fa      0x110 CMakeFiles/sample_project.dir/usr/share/pico-sdk/lib/tinyusb/src/common/tusb_fifo.c.obj
 .text._tu_fifo_peek_n
                0x000000001000660a       0x6a CMakeFiles/sample_project.dir/usr/share/pico-sdk/lib/tinyusb/src/common/tusb_fifo.c.obj
 .text._tu_fifo_read_n
                0x0000000010006674       0x4e CMakeFiles/sample_project.dir/usr/share/pico-sdk/lib/tinyusb/src/common/tusb_fifo.c.obj
 .text._ff_push_const_addr
                0x00000000100066c2       0x40 CMakeFiles/sample_project.dir/usr/share/pico-sdk/lib/tinyusb/src/common/tusb_fifo.c.obj
 .text._ff_push_n
                0x0000000010006702      0x10c CMakeFiles/sample_project.dir/usr/share/pico-sdk/lib/tinyusb/src/common/tusb_fifo.c.obj
 .text._tu_fifo_write_n
                0x000000001000680e       0xf0 CMakeFiles/sample_project.dir/usr/share/pico-sdk/lib/tinyusb/src/common/tusb_fifo.c.obj
 .text.tu_fifo_config
                0x00000000100068fe       0x7c CMakeFiles/sample_project.dir/usr/share/pico-sdk/lib/tinyusb/src/common/tusb_fifo.c.obj
                0x00000000100068fe                tu_fifo_config
 .text.tu_fifo_count
                0x000000001000697a       0x2a CMakeFiles/sample_project.dir/usr/share/pico-sdk/lib/tinyusb/src/common/tusb_fifo.c.obj
                0x000000001000697a                tu_fifo_count
 .text.tu_fifo_empty
                0x00000000100069a4        0xe CMakeFiles/sample_project.dir/usr/share/pico-sdk/lib/tinyusb/src/common/tusb_fifo.c.obj
                0x00000000100069a4                tu_fifo_empty
 .text.tu_fifo_full
                0x00000000100069b2       0x28 CMakeFiles/sample_project.dir/usr/share/pico-sdk/lib/tinyusb/src/common/tusb_fifo.c.obj
                0x00000000100069b2                tu_fifo_full
 .text.tu_fifo_remaining
                0x00000000100069da       0x2c CMakeFiles/sample_project.dir/usr/share/pico-sdk/lib/tinyusb/src/common/tusb_fifo.c.obj
                0x00000000100069da                tu_fifo_remaining
 .text.tu_fifo_read
                0x0000000010006a06       0x42 CMakeFiles/sample_project.dir/usr/share/pico-sdk/lib/tinyusb/src/common/tusb_fifo.c.obj
                0x0000000010006a06                tu_fifo_read
 .text.tu_fifo_read_n
                0x0000000010006a48        0xa CMakeFiles/sample_project.dir/usr/share/pico-sdk/lib/tinyusb/src/common/tusb_fifo.c.obj
                0x0000000010006a48                tu_fifo_read_n
 .text.tu_fifo_write
                0x0000000010006a52       0x64 CMakeFiles/sample_project.dir/usr/share/pico-sdk/lib/tinyusb/src/common/tusb_fifo.c.obj
                0x0000000010006a52                tu_fifo_write
 .text.tu_fifo_write_n
                0x0000000010006ab6        0xa CMakeFiles/sample_project.dir/usr/share/pico-sdk/lib/tinyusb/src/common/tusb_fifo.c.obj
                0x0000000010006ab6                tu_fifo_write_n
 .text.tu_fifo_clear
                0x0000000010006ac0       0x3e CMakeFiles/sample_project.dir/usr/share/pico-sdk/lib/tinyusb/src/common/tusb_fifo.c.obj
                0x0000000010006ac0                tu_fifo_clear
 .text.tu_fifo_set_overwritable
                0x0000000010006afe       0x46 CMakeFiles/sample_project.dir/usr/share/pico-sdk/lib/tinyusb/src/common/tusb_fifo.c.obj
                0x0000000010006afe                tu_fifo_set_overwritable
 .text.adc_init
                0x0000000010006b44       0x34 CMakeFiles/sample_project.dir/usr/share/pico-sdk/src/rp2_common/hardware_adc/adc.c.obj
                0x0000000010006b44                adc_init
 .text.core1_trampoline
                0x0000000010006b78        0x2 CMakeFiles/sample_project.dir/usr/share/pico-sdk/src/rp2_common/pico_multicore/multicore.c.obj
 .text.core1_wrapper
                0x0000000010006b7a        0xc CMakeFiles/sample_project.dir/usr/share/pico-sdk/src/rp2_common/pico_multicore/multicore.c.obj
                0x0000000010006b7a                core1_wrapper
 .text.multicore_fifo_push_blocking
                0x0000000010006b86       0x14 CMakeFiles/sample_project.dir/usr/share/pico-sdk/src/rp2_common/pico_multicore/multicore.c.obj
                0x0000000010006b86                multicore_fifo_push_blocking
 .text.multicore_fifo_pop_blocking
                0x0000000010006b9a       0x16 CMakeFiles/sample_project.dir/usr/share/pico-sdk/src/rp2_common/pico_multicore/multicore.c.obj
                0x0000000010006b9a                multicore_fifo_pop_blocking
 .text.multicore_launch_core1_raw
                0x0000000010006bb0       0x70 CMakeFiles/sample_project.dir/usr/share/pico-sdk/src/rp2_common/pico_multicore/multicore.c.obj
                0x0000000010006bb0                multicore_launch_core1_raw
 .text.multicore_launch_core1_with_stack
                0x0000000010006c20       0x50 CMakeFiles/sample_project.dir/usr/share/pico-sdk/src/rp2_common/pico_multicore/multicore.c.obj
                0x0000000010006c20                multicore_launch_core1_with_stack
 .text.multicore_launch_core1
                0x0000000010006c70       0x24 CMakeFiles/sample_project.dir/usr/share/pico-sdk/src/rp2_common/pico_multicore/multicore.c.obj
                0x0000000010006c70                multicore_launch_core1
 .text.atexit   0x0000000010006c94       0x10 /usr/lib/gcc/arm-none-eabi/12.2.0/../../../../arm-none-eabi/lib/thumb/v6-m/nofp/libg.a(libc_a-atexit.o)
                0x0000000010006c94                atexit
 .text.__libc_fini_array
                0x0000000010006ca4       0x28 /usr/lib/gcc/arm-none-eabi/12.2.0/../../../../arm-none-eabi/lib/thumb/v6-m/nofp/libg.a(libc_a-fini.o)
                0x0000000010006ca4                __libc_fini_array
 .text.__retarget_lock_acquire_recursive
                0x0000000010006ccc        0x4 /usr/lib/gcc/arm-none-eabi/12.2.0/../../../../arm-none-eabi/lib/thumb/v6-m/nofp/libg.a(libc_a-lock.o)
                0x0000000010006ccc                __retarget_lock_acquire_recursive
 .text.__retarget_lock_release_recursive
                0x0000000010006cd0        0x4 /usr/lib/gcc/arm-none-eabi/12.2.0/../../../../arm-none-eabi/lib/thumb/v6-m/nofp/libg.a(libc_a-lock.o)
                0x0000000010006cd0                __retarget_lock_release_recursive
 .text.strlen   0x0000000010006cd4       0x5c /usr/lib/gcc/arm-none-eabi/12.2.0/../../../../arm-none-eabi/lib/thumb/v6-m/nofp/libg.a(libc_a-strlen-stub.o)
                0x0000000010006cd4                strlen
 .text.__register_exitproc
                0x0000000010006d30       0xa8 /usr/lib/gcc/arm-none-eabi/12.2.0/../../../../arm-none-eabi/lib/thumb/v6-m/nofp/libg.a(libc_a-__atexit.o)
                0x0000000010006d30                __register_exitproc
 .text.startup.register_fini
                0x0000000010006dd8       0x18 /usr/lib/gcc/arm-none-eabi/12.2.0/../../../../arm-none-eabi/lib/thumb/v6-m/nofp/libg.a(libc_a-__call_atexit.o)
 *(.fini)
 .fini          0x0000000010006df0        0x4 /usr/lib/gcc/arm-none-eabi/12.2.0/thumb/v6-m/nofp/crti.o
                0x0000000010006df0                _fini
 *fill*         0x0000000010006df4        0x4 
 .fini.__stub   0x0000000010006df8       0xe0 linker stubs
 *crtbegin.o(.ctors)
 *crtbegin?.o(.ctors)
 *(EXCLUDE_FILE(*crtend.o *crtend?.o) .ctors)
 *(SORT_BY_NAME(.ctors.*))
 *(.ctors)
 *crtbegin.o(.dtors)
 *crtbegin?.o(.dtors)
 *(EXCLUDE_FILE(*crtend.o *crtend?.o) .dtors)
 *(SORT_BY_NAME(.dtors.*))
 *(.dtors)
 *(.eh_frame*)
 .eh_frame      0x0000000010006ed8        0x0 /usr/lib/gcc/arm-none-eabi/12.2.0/thumb/v6-m/nofp/crtbegin.o
                0x0000000010006ed8                . = ALIGN (0x4)

.glue_7         0x0000000010006ed8        0x0
 .glue_7        0x0000000010006ed8        0x0 linker stubs

.glue_7t        0x0000000010006ed8        0x0
 .glue_7t       0x0000000010006ed8        0x0 linker stubs

.vfp11_veneer   0x0000000010006ed8        0x0
 .vfp11_veneer  0x0000000010006ed8        0x0 linker stubs

.v4_bx          0x0000000010006ed8        0x0
 .v4_bx         0x0000000010006ed8        0x0 linker stubs

.iplt           0x0000000010006ed8        0x0
 .iplt          0x0000000010006ed8        0x0 /usr/lib/gcc/arm-none-eabi/12.2.0/thumb/v6-m/nofp/crtbegin.o

.rodata         0x0000000010006ed8     0x1648
 *(EXCLUDE_FILE(*libm.a: *libc.a:*lib_a-mem*.o *libgcc.a:) .rodata*)
 .rodata.core1_main.str1.4
                0x0000000010006ed8       0x48 CMakeFiles/sample_project.dir/sample_project.c.obj
 .rodata.main.str1.4
                0x0000000010006f20       0x69 CMakeFiles/sample_project.dir/sample_project.c.obj
 *fill*         0x0000000010006f89        0x3 
 .rodata.spin_lock_claim_unused.str1.4
                0x0000000010006f8c       0x1b CMakeFiles/sample_project.dir/usr/share/pico-sdk/src/rp2_common/hardware_sync/sync.c.obj
 *fill*         0x0000000010006fa7        0x1 
 .rodata.resolve_branch.str1.4
                0x0000000010006fa8       0x4e CMakeFiles/sample_project.dir/usr/share/pico-sdk/src/rp2_common/hardware_irq/irq.c.obj
 *fill*         0x0000000010006ff6        0x2 
 .rodata.make_branch.str1.4
                0x0000000010006ff8       0x30 CMakeFiles/sample_project.dir/usr/share/pico-sdk/src/rp2_common/hardware_irq/irq.c.obj
 .rodata.insert_branch_and_link.str1.4
                0x0000000010007028       0x10 CMakeFiles/sample_project.dir/usr/share/pico-sdk/src/rp2_common/hardware_irq/irq.c.obj
 .rodata.irq_set_exclusive_handler.str1.4
                0x0000000010007038       0x36 CMakeFiles/sample_project.dir/usr/share/pico-sdk/src/rp2_common/hardware_irq/irq.c.obj
 *fill*         0x000000001000706e        0x2 
 .rodata.irq_add_shared_handler.str1.4
                0x0000000010007070       0xc2 CMakeFiles/sample_project.dir/usr/share/pico-sdk/src/rp2_common/hardware_irq/irq.c.obj
 *fill*         0x0000000010007132        0x2 
 .rodata.irq_remove_handler.str1.4
                0x0000000010007134       0x3a CMakeFiles/sample_project.dir/usr/share/pico-sdk/src/rp2_common/hardware_irq/irq.c.obj
 *fill*         0x000000001000716e        0x2 
 .rodata.irq_add_tail_to_free_list.str1.4
                0x0000000010007170       0x3a CMakeFiles/sample_project.dir/usr/share/pico-sdk/src/rp2_common/hardware_irq/irq.c.obj
 *fill*         0x00000000100071aa        0x2 
 .rodata.user_irq_claim_unused.str1.4
                0x00000000100071ac       0x1b CMakeFiles/sample_project.dir/usr/share/pico-sdk/src/rp2_common/hardware_irq/irq.c.obj
 *fill*         0x00000000100071c7        0x1 
 .rodata.__func__.0
                0x00000000100071c8       0x1a CMakeFiles/sample_project.dir/usr/share/pico-sdk/src/rp2_common/hardware_irq/irq.c.obj
 *fill*         0x00000000100071e2        0x2 
 .rodata.__func__.1
                0x00000000100071e4       0x17 CMakeFiles/sample_project.dir/usr/share/pico-sdk/src/rp2_common/hardware_irq/irq.c.obj
 *fill*         0x00000000100071fb        0x1 
 .rodata.__func__.2
                0x00000000100071fc       0x13 CMakeFiles/sample_project.dir/usr/share/pico-sdk/src/rp2_common/hardware_irq/irq.c.obj
 *fill*         0x000000001000720f        0x1 
 .rodata.__func__.3
                0x0000000010007210        0xc CMakeFiles/sample_project.dir/usr/share/pico-sdk/src/rp2_common/hardware_irq/irq.c.obj
 .rodata.__func__.4
                0x000000001000721c        0xf CMakeFiles/sample_project.dir/usr/share/pico-sdk/src/rp2_common/hardware_irq/irq.c.obj
 *fill*         0x000000001000722b        0x1 
 .rodata.__func__.5
                0x000000001000722c       0x17 CMakeFiles/sample_project.dir/usr/share/pico-sdk/src/rp2_common/hardware_irq/irq.c.obj
 *fill*         0x0000000010007243        0x1 
 .rodata.__func__.6
                0x0000000010007244       0x1a CMakeFiles/sample_project.dir/usr/share/pico-sdk/src/rp2_common/hardware_irq/irq.c.obj
 *fill*         0x000000001000725e        0x2 
 .rodata.update_us_since_boot.str1.4
                0x0000000010007260       0x5a CMakeFiles/sample_project.dir/usr/share/pico-sdk/src/common/pico_sync/mutex.c.obj
 *fill*         0x00000000100072ba        0x2 
 .rodata.str1.4
                0x00000000100072bc       0x85 CMakeFiles/sample_project.dir/usr/share/pico-sdk/src/common/pico_sync/mutex.c.obj
 *fill*         0x0000000010007341        0x3 
 .rodata.__func__.1
                0x0000000010007344        0xb CMakeFiles/sample_project.dir/usr/share/pico-sdk/src/common/pico_sync/mutex.c.obj
 *fill*         0x000000001000734f        0x1 
 .rodata.__func__.3
                0x0000000010007350       0x18 CMakeFiles/sample_project.dir/usr/share/pico-sdk/src/common/pico_sync/mutex.c.obj
 .rodata.__func__.4
                0x0000000010007368       0x15 CMakeFiles/sample_project.dir/usr/share/pico-sdk/src/common/pico_sync/mutex.c.obj
 *fill*         0x000000001000737d        0x3 
 .rodata.get_entry.str1.4
                0x0000000010007380       0x54 CMakeFiles/sample_project.dir/usr/share/pico-sdk/src/common/pico_time/time.c.obj
 .rodata.update_us_since_boot.str1.4
                0x00000000100073d4       0x5a CMakeFiles/sample_project.dir/usr/share/pico-sdk/src/common/pico_time/time.c.obj
 .rodata.ph_get_node.str1.4
                0x00000000100073d4       0x5f CMakeFiles/sample_project.dir/usr/share/pico-sdk/src/common/pico_time/time.c.obj
 *fill*         0x0000000010007433        0x1 
 .rodata.ph_add_child_node.str1.4
                0x0000000010007434       0x2e CMakeFiles/sample_project.dir/usr/share/pico-sdk/src/common/pico_time/time.c.obj
 *fill*         0x0000000010007462        0x2 
 .rodata.ph_insert_node.str1.4
                0x0000000010007464        0x3 CMakeFiles/sample_project.dir/usr/share/pico-sdk/src/common/pico_time/time.c.obj
 *fill*         0x0000000010007467        0x1 
 .rodata.ph_free_node.str1.4
                0x0000000010007468       0x38 CMakeFiles/sample_project.dir/usr/share/pico-sdk/src/common/pico_time/time.c.obj
 .rodata.add_alarm_under_lock.str1.4
                0x00000000100074a0       0x28 CMakeFiles/sample_project.dir/usr/share/pico-sdk/src/common/pico_time/time.c.obj
 .rodata.alarm_pool_alarm_callback.str1.4
                0x00000000100074c8       0x60 CMakeFiles/sample_project.dir/usr/share/pico-sdk/src/common/pico_time/time.c.obj
 .rodata.alarm_pool_get_default.str1.4
                0x0000000010007528       0x21 CMakeFiles/sample_project.dir/usr/share/pico-sdk/src/common/pico_time/time.c.obj
 *fill*         0x0000000010007549        0x3 
 .rodata.alarm_pool_cancel_alarm.str1.4
                0x000000001000754c       0x27 CMakeFiles/sample_project.dir/usr/share/pico-sdk/src/common/pico_time/time.c.obj
 *fill*         0x0000000010007573        0x1 
 .rodata.sleep_until.str1.4
                0x0000000010007574       0x4d CMakeFiles/sample_project.dir/usr/share/pico-sdk/src/common/pico_time/time.c.obj
 *fill*         0x00000000100075c1        0x3 
 .rodata.__func__.1
                0x00000000100075c4       0x18 CMakeFiles/sample_project.dir/usr/share/pico-sdk/src/common/pico_time/time.c.obj
 .rodata.__func__.3
                0x00000000100075dc       0x17 CMakeFiles/sample_project.dir/usr/share/pico-sdk/src/common/pico_time/time.c.obj
 *fill*         0x00000000100075f3        0x1 
 .rodata.__func__.4
                0x00000000100075f4       0x12 CMakeFiles/sample_project.dir/usr/share/pico-sdk/src/common/pico_time/time.c.obj
 *fill*         0x0000000010007606        0x2 
 .rodata.__func__.5
                0x0000000010007608        0xd CMakeFiles/sample_project.dir/usr/share/pico-sdk/src/common/pico_time/time.c.obj
 *fill*         0x0000000010007615        0x3 
 .rodata.__func__.6
                0x0000000010007618       0x12 CMakeFiles/sample_project.dir/usr/share/pico-sdk/src/common/pico_time/time.c.obj
 *fill*         0x000000001000762a        0x2 
 .rodata.__func__.7
                0x000000001000762c        0xf CMakeFiles/sample_project.dir/usr/share/pico-sdk/src/common/pico_time/time.c.obj
 *fill*         0x000000001000763b        0x1 
 .rodata.__func__.8
                0x000000001000763c        0xc CMakeFiles/sample_project.dir/usr/share/pico-sdk/src/common/pico_time/time.c.obj
 .rodata.__func__.9
                0x0000000010007648       0x15 CMakeFiles/sample_project.dir/usr/share/pico-sdk/src/common/pico_time/time.c.obj
 *fill*         0x000000001000765d        0x3 
 .rodata.__func__.10
                0x0000000010007660       0x15 CMakeFiles/sample_project.dir/usr/share/pico-sdk/src/common/pico_time/time.c.obj
 *fill*         0x0000000010007675        0x3 
 .rodata.__func__.11
                0x0000000010007678       0x1a CMakeFiles/sample_project.dir/usr/share/pico-sdk/src/common/pico_time/time.c.obj
 *fill*         0x0000000010007692        0x2 
 .rodata.__func__.12
                0x0000000010007694        0xa CMakeFiles/sample_project.dir/usr/share/pico-sdk/src/common/pico_time/time.c.obj
 *fill*         0x000000001000769e        0x2 
 .rodata.hardware_alarm_claim.str1.4
                0x00000000100076a0       0x22 CMakeFiles/sample_project.dir/usr/share/pico-sdk/src/rp2_common/hardware_timer/timer.c.obj
 *fill*         0x00000000100076c2        0x2 
 .rodata.hardware_alarm_set_target.str1.4
                0x00000000100076c4       0x5e CMakeFiles/sample_project.dir/usr/share/pico-sdk/src/rp2_common/hardware_timer/timer.c.obj
 *fill*         0x0000000010007722        0x2 
 .rodata.__func__.0
                0x0000000010007724       0x1a CMakeFiles/sample_project.dir/usr/share/pico-sdk/src/rp2_common/hardware_timer/timer.c.obj
 .rodata.ph_get_node.str1.4
                0x000000001000773e       0x5f CMakeFiles/sample_project.dir/usr/share/pico-sdk/src/common/pico_util/pheap.c.obj
 .rodata.ph_add_child_node.str1.4
                0x000000001000773e       0x2e CMakeFiles/sample_project.dir/usr/share/pico-sdk/src/common/pico_util/pheap.c.obj
 *fill*         0x000000001000773e        0x2 
 .rodata.ph_remove_any_head.str1.4
                0x0000000010007740       0x88 CMakeFiles/sample_project.dir/usr/share/pico-sdk/src/common/pico_util/pheap.c.obj
                                         0x9c (size before relaxing)
 .rodata.ph_remove_and_free_node.str1.4
                0x00000000100077c8       0x1e CMakeFiles/sample_project.dir/usr/share/pico-sdk/src/common/pico_util/pheap.c.obj
                                         0x26 (size before relaxing)
 *fill*         0x00000000100077e6        0x2 
 .rodata.__func__.0
                0x00000000100077e8       0x18 CMakeFiles/sample_project.dir/usr/share/pico-sdk/src/common/pico_util/pheap.c.obj
 .rodata.__func__.1
                0x0000000010007800       0x13 CMakeFiles/sample_project.dir/usr/share/pico-sdk/src/common/pico_util/pheap.c.obj
 *fill*         0x0000000010007813        0x1 
 .rodata.__func__.2
                0x0000000010007814       0x12 CMakeFiles/sample_project.dir/usr/share/pico-sdk/src/common/pico_util/pheap.c.obj
 *fill*         0x0000000010007826        0x2 
 .rodata.__func__.3
                0x0000000010007828        0xc CMakeFiles/sample_project.dir/usr/share/pico-sdk/src/common/pico_util/pheap.c.obj
 .rodata.clock_configure.str1.4
                0x0000000010007834       0x50 CMakeFiles/sample_project.dir/usr/share/pico-sdk/src/rp2_common/hardware_clocks/clocks.c.obj
 .rodata.__func__.1
                0x0000000010007884       0x10 CMakeFiles/sample_project.dir/usr/share/pico-sdk/src/rp2_common/hardware_clocks/clocks.c.obj
 .rodata.pll_init.str1.4
                0x0000000010007894      0x11b CMakeFiles/sample_project.dir/usr/share/pico-sdk/src/rp2_common/hardware_pll/pll.c.obj
 *fill*         0x00000000100079af        0x1 
 .rodata.__func__.0
                0x00000000100079b0        0x9 CMakeFiles/sample_project.dir/usr/share/pico-sdk/src/rp2_common/hardware_pll/pll.c.obj
 *fill*         0x00000000100079b9        0x3 
 .rodata.__assert_func.str1.4
                0x00000000100079bc       0x3f CMakeFiles/sample_project.dir/usr/share/pico-sdk/src/rp2_common/pico_runtime/runtime.c.obj
                                         0x43 (size before relaxing)
 *fill*         0x00000000100079fb        0x1 
 .rodata.runtime_init.str1.4
                0x00000000100079fc       0x5a CMakeFiles/sample_project.dir/usr/share/pico-sdk/src/rp2_common/pico_runtime/runtime.c.obj
 *fill*         0x0000000010007a56        0x2 
 .rodata.panic.str1.4
                0x0000000010007a58       0x12 CMakeFiles/sample_project.dir/usr/share/pico-sdk/src/rp2_common/pico_runtime/runtime.c.obj
 *fill*         0x0000000010007a6a        0x2 
 .rodata.__func__.2
                0x0000000010007a6c        0xd CMakeFiles/sample_project.dir/usr/share/pico-sdk/src/rp2_common/pico_runtime/runtime.c.obj
 *fill*         0x0000000010007a79        0x3 
 .rodata._ftoa.str1.4
                0x0000000010007a7c       0x15 CMakeFiles/sample_project.dir/usr/share/pico-sdk/src/rp2_common/pico_printf/printf.c.obj
 *fill*         0x0000000010007a91        0x3 
 .rodata._vsnprintf
                0x0000000010007a94      0x19c CMakeFiles/sample_project.dir/usr/share/pico-sdk/src/rp2_common/pico_printf/printf.c.obj
 .rodata.pow10.0
                0x0000000010007c30       0x50 CMakeFiles/sample_project.dir/usr/share/pico-sdk/src/rp2_common/pico_printf/printf.c.obj
 .rodata.missing_double_func_shim.str1.4
                0x0000000010007c80       0x18 CMakeFiles/sample_project.dir/usr/share/pico-sdk/src/rp2_common/pico_double/double_init_rom.c.obj
 .rodata.__aeabi_double_init.str1.4
                0x0000000010007c98       0xa1 CMakeFiles/sample_project.dir/usr/share/pico-sdk/src/rp2_common/pico_double/double_init_rom.c.obj
 *fill*         0x0000000010007d39        0x3 
 .rodata.__func__.0
                0x0000000010007d3c       0x14 CMakeFiles/sample_project.dir/usr/share/pico-sdk/src/rp2_common/pico_double/double_init_rom.c.obj
 .rodata.missing_float_func_shim.str1.4
                0x0000000010007d50        0x1 CMakeFiles/sample_project.dir/usr/share/pico-sdk/src/rp2_common/pico_float/float_init_rom.c.obj
 .rodata.__aeabi_float_init.str1.4
                0x0000000010007d50       0x73 CMakeFiles/sample_project.dir/usr/share/pico-sdk/src/rp2_common/pico_float/float_init_rom.c.obj
 *fill*         0x0000000010007dc3        0x1 
 .rodata.__func__.0
                0x0000000010007dc4       0x13 CMakeFiles/sample_project.dir/usr/share/pico-sdk/src/rp2_common/pico_float/float_init_rom.c.obj
 *fill*         0x0000000010007dd7        0x1 
 .rodata.str1.4
                0x0000000010007dd8       0x48 CMakeFiles/sample_project.dir/usr/share/pico-sdk/src/rp2_common/pico_standard_link/binary_info.c.obj
 .rodata.__bi_81
                0x0000000010007e20        0xc CMakeFiles/sample_project.dir/usr/share/pico-sdk/src/rp2_common/pico_standard_link/binary_info.c.obj
 .rodata.__bi_75
                0x0000000010007e2c        0xc CMakeFiles/sample_project.dir/usr/share/pico-sdk/src/rp2_common/pico_standard_link/binary_info.c.obj
 .rodata.__bi_56
                0x0000000010007e38        0xc CMakeFiles/sample_project.dir/usr/share/pico-sdk/src/rp2_common/pico_standard_link/binary_info.c.obj
 .rodata.__bi_44
                0x0000000010007e44        0xc CMakeFiles/sample_project.dir/usr/share/pico-sdk/src/rp2_common/pico_standard_link/binary_info.c.obj
 .rodata.update_us_since_boot.str1.4
                0x0000000010007e50       0x5a CMakeFiles/sample_project.dir/usr/share/pico-sdk/src/rp2_common/pico_stdio/stdio.c.obj
 .rodata.crlf_str.2
                0x0000000010007e50        0x2 CMakeFiles/sample_project.dir/usr/share/pico-sdk/src/rp2_common/pico_stdio/stdio.c.obj
 *fill*         0x0000000010007e52        0x2 
 .rodata.__func__.3
                0x0000000010007e54       0x15 CMakeFiles/sample_project.dir/usr/share/pico-sdk/src/rp2_common/pico_stdio/stdio.c.obj
 *fill*         0x0000000010007e69        0x3 
 .rodata.str1.4
                0x0000000010007e6c       0x2c CMakeFiles/sample_project.dir/usr/share/pico-sdk/src/rp2_common/pico_stdio_uart/stdio_uart.c.obj
 .rodata.__bi_33.4
                0x0000000010007e98        0xc CMakeFiles/sample_project.dir/usr/share/pico-sdk/src/rp2_common/pico_stdio_uart/stdio_uart.c.obj
 .rodata.__bi_34.5
                0x0000000010007ea4        0x8 CMakeFiles/sample_project.dir/usr/share/pico-sdk/src/rp2_common/pico_stdio_uart/stdio_uart.c.obj
 .rodata._resetd_driver
                0x0000000010007eac       0x18 CMakeFiles/sample_project.dir/usr/share/pico-sdk/src/rp2_common/pico_stdio_usb/reset_interface.c.obj
 .rodata.update_us_since_boot.str1.4
                0x0000000010007ec4       0x5a CMakeFiles/sample_project.dir/usr/share/pico-sdk/src/rp2_common/pico_stdio_usb/stdio_usb.c.obj
 .rodata.stdio_usb_init.str1.4
                0x0000000010007ec4       0x3e CMakeFiles/sample_project.dir/usr/share/pico-sdk/src/rp2_common/pico_stdio_usb/stdio_usb.c.obj
                                         0x46 (size before relaxing)
 *fill*         0x0000000010007f02        0x2 
 .rodata.str1.4
                0x0000000010007f04       0x13 CMakeFiles/sample_project.dir/usr/share/pico-sdk/src/rp2_common/pico_stdio_usb/stdio_usb.c.obj
 *fill*         0x0000000010007f17        0x1 
 .rodata.__bi_188.0
                0x0000000010007f18        0xc CMakeFiles/sample_project.dir/usr/share/pico-sdk/src/rp2_common/pico_stdio_usb/stdio_usb.c.obj
 .rodata.__func__.1
                0x0000000010007f24        0xf CMakeFiles/sample_project.dir/usr/share/pico-sdk/src/rp2_common/pico_stdio_usb/stdio_usb.c.obj
 *fill*         0x0000000010007f33        0x1 
 .rodata.__func__.3
                0x0000000010007f34       0x15 CMakeFiles/sample_project.dir/usr/share/pico-sdk/src/rp2_common/pico_stdio_usb/stdio_usb.c.obj
 *fill*         0x0000000010007f49        0x3 
 .rodata.str1.4
                0x0000000010007f4c       0x2a CMakeFiles/sample_project.dir/usr/share/pico-sdk/src/rp2_common/pico_stdio_usb/stdio_usb_descriptors.c.obj
 *fill*         0x0000000010007f76        0x2 
 .rodata.usbd_desc_str
                0x0000000010007f78       0x18 CMakeFiles/sample_project.dir/usr/share/pico-sdk/src/rp2_common/pico_stdio_usb/stdio_usb_descriptors.c.obj
 .rodata.usbd_desc_cfg
                0x0000000010007f90       0x54 CMakeFiles/sample_project.dir/usr/share/pico-sdk/src/rp2_common/pico_stdio_usb/stdio_usb_descriptors.c.obj
 .rodata.usbd_desc_device
                0x0000000010007fe4       0x12 CMakeFiles/sample_project.dir/usr/share/pico-sdk/src/rp2_common/pico_stdio_usb/stdio_usb_descriptors.c.obj
 *fill*         0x0000000010007ff6        0x2 
 .rodata.pico_get_unique_board_id_string.str1.4
                0x0000000010007ff8       0x46 CMakeFiles/sample_project.dir/usr/share/pico-sdk/src/rp2_common/pico_unique_id/unique_id.c.obj
 *fill*         0x000000001000803e        0x2 
 .rodata.__func__.0
                0x0000000010008040       0x20 CMakeFiles/sample_project.dir/usr/share/pico-sdk/src/rp2_common/pico_unique_id/unique_id.c.obj
 .rodata.str1.4
                0x0000000010008060      0x152 CMakeFiles/sample_project.dir/usr/share/pico-sdk/src/rp2_common/hardware_flash/flash.c.obj
 *fill*         0x00000000100081b2        0x2 
 .rodata.__func__.0
                0x00000000100081b4        0xd CMakeFiles/sample_project.dir/usr/share/pico-sdk/src/rp2_common/hardware_flash/flash.c.obj
 *fill*         0x00000000100081c1        0x3 
 .rodata._hw_endpoint_alloc.str1.4
                0x00000000100081c4       0xb1 CMakeFiles/sample_project.dir/usr/share/pico-sdk/lib/tinyusb/src/portable/raspberrypi/rp2040/dcd_rp2040.c.obj
 *fill*         0x0000000010008275        0x3 
 .rodata.str1.4
                0x0000000010008278       0x14 CMakeFiles/sample_project.dir/usr/share/pico-sdk/lib/tinyusb/src/portable/raspberrypi/rp2040/dcd_rp2040.c.obj
 .rodata.dcd_int_enable.str1.4
                0x000000001000828c        0xc CMakeFiles/sample_project.dir/usr/share/pico-sdk/lib/tinyusb/src/portable/raspberrypi/rp2040/dcd_rp2040.c.obj
 .rodata.__func__.0
                0x0000000010008298        0xe CMakeFiles/sample_project.dir/usr/share/pico-sdk/lib/tinyusb/src/portable/raspberrypi/rp2040/dcd_rp2040.c.obj
 *fill*         0x00000000100082a6        0x2 
 .rodata.__func__.1
                0x00000000100082a8        0xe CMakeFiles/sample_project.dir/usr/share/pico-sdk/lib/tinyusb/src/portable/raspberrypi/rp2040/dcd_rp2040.c.obj
 *fill*         0x00000000100082b6        0x2 
 .rodata.__func__.3
                0x00000000100082b8       0x10 CMakeFiles/sample_project.dir/usr/share/pico-sdk/lib/tinyusb/src/portable/raspberrypi/rp2040/dcd_rp2040.c.obj
 .rodata.__func__.5
                0x00000000100082c8        0xf CMakeFiles/sample_project.dir/usr/share/pico-sdk/lib/tinyusb/src/portable/raspberrypi/rp2040/dcd_rp2040.c.obj
 *fill*         0x00000000100082d7        0x1 
 .rodata.__func__.6
                0x00000000100082d8       0x13 CMakeFiles/sample_project.dir/usr/share/pico-sdk/lib/tinyusb/src/portable/raspberrypi/rp2040/dcd_rp2040.c.obj
 *fill*         0x00000000100082eb        0x1 
 .rodata.__func__.7
                0x00000000100082ec        0x9 CMakeFiles/sample_project.dir/usr/share/pico-sdk/lib/tinyusb/src/portable/raspberrypi/rp2040/dcd_rp2040.c.obj
 *fill*         0x00000000100082f5        0x3 
 .rodata.str1.4
                0x00000000100082f8       0xd9 CMakeFiles/sample_project.dir/usr/share/pico-sdk/lib/tinyusb/src/portable/raspberrypi/rp2040/rp2040_usb.c.obj
                                         0xe3 (size before relaxing)
 *fill*         0x00000000100083d1        0x3 
 .rodata.__func__.0
                0x00000000100083d4        0xf CMakeFiles/sample_project.dir/usr/share/pico-sdk/lib/tinyusb/src/portable/raspberrypi/rp2040/rp2040_usb.c.obj
 *fill*         0x00000000100083e3        0x1 
 .rodata.process_get_descriptor
                0x00000000100083e4       0x40 CMakeFiles/sample_project.dir/usr/share/pico-sdk/lib/tinyusb/src/device/usbd.c.obj
 .rodata.process_control_request
                0x0000000010008424       0x28 CMakeFiles/sample_project.dir/usr/share/pico-sdk/lib/tinyusb/src/device/usbd.c.obj
 .rodata.tud_task_ext
                0x000000001000844c       0x24 CMakeFiles/sample_project.dir/usr/share/pico-sdk/lib/tinyusb/src/device/usbd.c.obj
 .rodata._usbd_driver
                0x0000000010008470       0x18 CMakeFiles/sample_project.dir/usr/share/pico-sdk/lib/tinyusb/src/device/usbd.c.obj
 .rodata.multicore_lockout_start_block_until.str1.4
                0x0000000010008488       0x56 CMakeFiles/sample_project.dir/usr/share/pico-sdk/src/rp2_common/pico_multicore/multicore.c.obj
 *fill*         0x00000000100084de        0x2 
 .rodata.multicore_launch_core1_with_stack.str1.4
                0x00000000100084e0       0x19 CMakeFiles/sample_project.dir/usr/share/pico-sdk/src/rp2_common/pico_multicore/multicore.c.obj
 *fill*         0x00000000100084f9        0x3 
 .rodata.__func__.2
                0x00000000100084fc       0x22 CMakeFiles/sample_project.dir/usr/share/pico-sdk/src/rp2_common/pico_multicore/multicore.c.obj
                0x0000000010008520                . = ALIGN (0x4)
 *fill*         0x000000001000851e        0x2 
 *(SORT_BY_ALIGNMENT(SORT_BY_NAME(.flashdata*)))
                0x0000000010008520                . = ALIGN (0x4)

.rel.dyn        0x0000000010008520        0x0
 .rel.iplt      0x0000000010008520        0x0 /usr/lib/gcc/arm-none-eabi/12.2.0/thumb/v6-m/nofp/crtbegin.o

.ARM.extab
 *(.ARM.extab* .gnu.linkonce.armextab.*)
                0x0000000010008520                __exidx_start = .

.ARM.exidx
 *(.ARM.exidx* .gnu.linkonce.armexidx.*)
                0x0000000010008520                __exidx_end = .
                0x0000000010008520                . = ALIGN (0x4)
                0x0000000010008520                __binary_info_start = .

.binary_info    0x0000000010008520       0x2c
 *(.binary_info.keep.*)
 .binary_info.keep.__bi_ptr81
                0x0000000010008520        0x4 CMakeFiles/sample_project.dir/usr/share/pico-sdk/src/rp2_common/pico_standard_link/binary_info.c.obj
 .binary_info.keep.__bi_ptr75